{
  "guards": {
    "active_matches_start": true,
    "controlled_work_present": true,
    "density_matches": true,
    "fog_fixed_on": true,
    "gc_automatic_disabled_during_defer": true,
    "gc_defer_active_during_window": true,
    "gc_policy_metadata_matches": true,
    "gc_policy_profile_matches": true,
    "gc_policy_start_matches": true,
    "input_policy_fixed": true,
    "no_key_input": true,
    "no_mouse_button_input": true,
    "no_mouse_wheel_input": true,
    "no_pathfinding_during_execution": true,
    "position_commits_present": true,
    "production_animation_path": true,
    "profile_configured_movers_match": true,
    "profile_density_matches": true,
    "profile_phase_matches": true,
    "resident_matches_prepare": true,
    "rolling_window_full": true,
    "vision_dirty_present": true,
    "window_not_capacity_limited": true,
    "zero_density_no_position_commits": true,
    "zero_density_no_vision_dirty": true
  },
  "ok": true,
  "prepare": {
    "batch_id": 1,
    "failed_units": 0,
    "failure_reasons": {},
    "living_units": 10000,
    "ok": true,
    "phase": "prepared",
    "preparation_success_ratio": 1.0,
    "prepared_units": 10000,
    "requested_units": 10000,
    "route_steps": 12,
    "seed": 42
  },
  "profile": {
    "controlled_work_frame_ms": {
      "avg": 26.74087007909604,
      "max": 31.342669,
      "p50": 26.667375,
      "p95": 28.246899999999997,
      "p99": 30.697517240000003
    },
    "frame_body_fps": 35.481698733138636,
    "frame_metrics": {
      "effect_position_index_changes": {
        "avg": 282.68926553672316,
        "kind": "numeric",
        "last": 346,
        "max": 346.0,
        "min": 216.0,
        "missing_samples": 0,
        "observed_samples": 177,
        "p50": 284.0,
        "p95": 311.2,
        "p99": 323.48
      },
      "fog_enabled": {
        "avg": 1.0,
        "kind": "numeric",
        "last": 1,
        "max": 1.0,
        "min": 1.0,
        "missing_samples": 0,
        "observed_samples": 177,
        "p50": 1.0,
        "p95": 1.0,
        "p99": 1.0
      },
      "input_key_down": {
        "avg": 0.0,
        "kind": "numeric",
        "last": 0,
        "max": 0.0,
        "min": 0.0,
        "missing_samples": 0,
        "observed_samples": 177,
        "p50": 0.0,
        "p95": 0.0,
        "p99": 0.0
      },
      "input_mouse_button": {
        "avg": 0.0,
        "kind": "numeric",
        "last": 0,
        "max": 0.0,
        "min": 0.0,
        "missing_samples": 0,
        "observed_samples": 177,
        "p50": 0.0,
        "p95": 0.0,
        "p99": 0.0
      },
      "input_mouse_wheel": {
        "avg": 0.0,
        "kind": "numeric",
        "last": 0,
        "max": 0.0,
        "min": 0.0,
        "missing_samples": 0,
        "observed_samples": 177,
        "p50": 0.0,
        "p95": 0.0,
        "p99": 0.0
      },
      "scale_configured_moving_units": {
        "avg": 5000.0,
        "kind": "numeric",
        "last": 5000,
        "max": 5000.0,
        "min": 5000.0,
        "missing_samples": 0,
        "observed_samples": 177,
        "p50": 5000.0,
        "p95": 5000.0,
        "p99": 5000.0
      },
      "scale_execution_density": {
        "avg": 0.5,
        "kind": "numeric",
        "last": 0.5,
        "max": 0.5,
        "min": 0.5,
        "missing_samples": 0,
        "observed_samples": 177,
        "p50": 0.5,
        "p95": 0.5,
        "p99": 0.5
      },
      "scale_gc_automatic_enabled": {
        "avg": 0.0,
        "kind": "numeric",
        "last": 0,
        "max": 0.0,
        "min": 0.0,
        "missing_samples": 0,
        "observed_samples": 177,
        "p50": 0.0,
        "p95": 0.0,
        "p99": 0.0
      },
      "scale_gc_defer_active": {
        "avg": 1.0,
        "kind": "numeric",
        "last": 1,
        "max": 1.0,
        "min": 1.0,
        "missing_samples": 0,
        "observed_samples": 177,
        "p50": 1.0,
        "p95": 1.0,
        "p99": 1.0
      },
      "scale_gc_policy": {
        "kind": "categorical",
        "last": "realtime_defer",
        "missing_samples": 0,
        "observed_samples": 177,
        "values": [
          "realtime_defer"
        ]
      },
      "scale_motion_phase": {
        "kind": "categorical",
        "last": "staggered",
        "missing_samples": 0,
        "observed_samples": 177,
        "values": [
          "staggered"
        ]
      },
      "vision_dirty_units": {
        "avg": 282.728813559322,
        "kind": "numeric",
        "last": 309,
        "max": 346.0,
        "min": 216.0,
        "missing_samples": 0,
        "observed_samples": 177,
        "p50": 284.0,
        "p95": 311.2,
        "p99": 323.48
      },
      "vision_fog_delta_tiles": {
        "avg": 37.68926553672316,
        "kind": "numeric",
        "last": 45,
        "max": 95.0,
        "min": 3.0,
        "missing_samples": 0,
        "observed_samples": 177,
        "p50": 37.0,
        "p95": 58.19999999999999,
        "p99": 64.72000000000003
      },
      "vision_units_scanned": {
        "avg": 282.728813559322,
        "kind": "numeric",
        "last": 309,
        "max": 346.0,
        "min": 216.0,
        "missing_samples": 0,
        "observed_samples": 177,
        "p50": 284.0,
        "p95": 311.2,
        "p99": 323.48
      }
    },
    "frame_ms": {
      "avg": 28.183543508474575,
      "max": 32.836458,
      "p95": 29.712575,
      "p99": 32.11134816
    },
    "metadata": {
      "benchmark_uncapped": true,
      "clock_mode": "uncapped_wall_clock",
      "display": "window",
      "fps_cap": "uncapped",
      "headless": false,
      "initial_units": 10000,
      "map_id": "chibi 144k-scale-10000",
      "map_size": "120x120",
      "map_tiles": 14400,
      "minimap_unit_layer_enabled": false,
      "minimap_unit_layer_override": "off",
      "minimap_unit_refresh_hz": 15.0,
      "mock_ai": false,
      "mode": "real_time",
      "players": "shu:ai,wei:human,wu:ai",
      "scale_accepted_moving_units": 5000,
      "scale_achieved_density": 0.5,
      "scale_duration_seconds": 20.0,
      "scale_execution_density": 0.5,
      "scale_execution_mode": "sustained_production_animation",
      "scale_gc_full_collect_collected": 0,
      "scale_gc_full_collect_ms": 34.805917,
      "scale_gc_policy": "realtime_defer",
      "scale_harness": true,
      "scale_harness_socket": "/tmp/star-phase5-optb-36615-opt-b-50.sock",
      "scale_harness_version": "production-v2",
      "scale_input_policy": "blocked_gameplay_events",
      "scale_motion_phase": "staggered",
      "scale_phase_seed": 42,
      "scale_prepared_units": 10000,
      "scale_resident_units": 10000,
      "scale_route_seed": 42,
      "scale_route_steps": 12,
      "scenario": "chibi-144k-scale-10000",
      "text_input": false,
      "window": "2480x1265"
    },
    "platform_input_frame_ms": {
      "avg": 0.04786762711864406,
      "max": 0.143334,
      "p50": 0.041917,
      "p95": 0.09346679999999996,
      "p99": 0.11202624000000005
    },
    "present_frame_ms": {
      "avg": 1.3709345254237288,
      "max": 1.54275,
      "p50": 1.367709,
      "p95": 1.4646164,
      "p99": 1.5059729200000003
    },
    "sample_count": 177,
    "sections": {
      "AnimationSystem": {
        "category": "work",
        "frame_share_pct": 12.87357639949972,
        "inclusive_ms": 3.628230005649718,
        "max_inclusive_ms": 4.053125,
        "max_self_ms": 4.053125,
        "p95_inclusive_ms": 3.9424504,
        "p95_self_ms": 3.9424504,
        "p99_inclusive_ms": 4.031328,
        "p99_self_ms": 4.031328,
        "samples": 177,
        "self_ms": 3.628230005649718
      },
      "MiniMapSystem": {
        "category": "work",
        "frame_share_pct": 0.1826772452813596,
        "inclusive_ms": 0.0514849209039548,
        "max_inclusive_ms": 0.066667,
        "max_self_ms": 0.066667,
        "p95_inclusive_ms": 0.059416799999999985,
        "p95_self_ms": 0.059416799999999985,
        "p99_inclusive_ms": 0.06209,
        "p99_self_ms": 0.06209,
        "samples": 177,
        "self_ms": 0.0514849209039548
      },
      "UnitRenderSystem": {
        "category": "work",
        "frame_share_pct": 25.688658833145116,
        "inclusive_ms": 9.340911734463276,
        "max_inclusive_ms": 10.116625,
        "max_self_ms": 8.059208,
        "p95_inclusive_ms": 9.9582164,
        "p95_self_ms": 7.8520328,
        "p99_inclusive_ms": 10.00652316,
        "p99_self_ms": 7.94622516,
        "samples": 177,
        "self_ms": 7.239974338983051
      },
      "VisionSystem": {
        "category": "work",
        "frame_share_pct": 8.334577402877855,
        "inclusive_ms": 2.424462768361582,
        "max_inclusive_ms": 6.766958,
        "max_self_ms": 2.807167,
        "p95_inclusive_ms": 2.6582998,
        "p95_self_ms": 2.6391,
        "p99_inclusive_ms": 6.712196840000001,
        "p99_self_ms": 2.7528067600000004,
        "samples": 177,
        "self_ms": 2.3489792485875705
      },
      "render_engine": {
        "category": "render",
        "frame_share_pct": 0.38348716212332123,
        "inclusive_ms": 3.7071597966101693,
        "max_inclusive_ms": 3.947875,
        "max_self_ms": 0.154375,
        "p95_inclusive_ms": 3.8531744000000003,
        "p95_self_ms": 0.1391336,
        "p99_inclusive_ms": 3.930378,
        "p99_self_ms": 0.14818416,
        "samples": 177,
        "self_ms": 0.10808027118644067
      },
      "render_scalar_execute": {
        "category": "render",
        "frame_share_pct": 7.304108646945289,
        "inclusive_ms": 2.058556638418079,
        "max_inclusive_ms": 2.157124,
        "max_self_ms": 2.157124,
        "p95_inclusive_ms": 2.1261076,
        "p95_self_ms": 2.1261076,
        "p99_inclusive_ms": 2.14391892,
        "p99_self_ms": 2.14391892,
        "samples": 177,
        "self_ms": 2.058556638418079
      }
    },
    "uninstrumented_frame_ms": {
      "avg": 0.012827022598870055,
      "max": 0.027792,
      "p50": 0.012667,
      "p95": 0.0151752,
      "p99": 0.020885320000000037
    },
    "window_capacity_limited": false,
    "window_coverage_s": 5.006286208,
    "window_throughput_fps": 35.355549532337086
  },
  "profile_path": "/Users/liyang/Developer/star-main/results/phase5-opt-b-closeout/chibi-144k-scale-10000/20260906-172143/opt-b/50pct-moving/profile.json",
  "start": {
    "accepted_moving_units": 5000,
    "achieved_density": 0.5,
    "batch_id": 1,
    "duration_seconds": 20.0,
    "execution_density": 0.5,
    "gc_policy": {
      "activation_serial": 1,
      "active": true,
      "automatic_gc_enabled": false,
      "deadline_remaining_seconds": 19.999999,
      "full_collect_collected": 0,
      "full_collect_ms": 34.805917,
      "gc_count": [
        1,
        0,
        0
      ],
      "last_restore_reason": "",
      "mode": "realtime_defer",
      "original_automatic_gc_enabled": true
    },
    "motion_phase": "staggered",
    "normal_move_resources_and_stats": false,
    "ok": true,
    "pathfinding_during_execution": false,
    "phase": "started",
    "phase_progress_p50": 0.504,
    "phase_progress_p95": 0.9503,
    "phase_seed": 42,
    "production_animation_and_commits": true,
    "rejected_units": 0,
    "rejection_reasons": {},
    "requested_moving_units": 5000,
    "resident_units": 10000
  },
  "status": {
    "active_moving_units": 5000,
    "actual_density": 0.5,
    "configured_moving_units": 5000,
    "execution_density": 0.5,
    "gc_policy": {
      "activation_serial": 1,
      "active": true,
      "automatic_gc_enabled": false,
      "deadline_remaining_seconds": 12.945766,
      "full_collect_collected": 0,
      "full_collect_ms": 34.805917,
      "gc_count": [
        25271,
        0,
        0
      ],
      "last_restore_reason": "",
      "mode": "realtime_defer",
      "original_automatic_gc_enabled": true
    },
    "living_units": 10000,
    "motion_phase": "staggered",
    "ok": true,
    "prepared": {
      "batch_id": 1,
      "failed_units": 0,
      "failure_reasons": {},
      "living_units": 10000,
      "preparation_success_ratio": 1.0,
      "prepared_units": 10000,
      "requested_units": 10000,
      "route_steps": 12,
      "seed": 42
    },
    "socket": "/tmp/star-phase5-optb-36615-opt-b-50.sock"
  },
  "workload": {
    "duration_seconds": 20.0,
    "execution_density": 0.5,
    "gc_policy": "realtime_defer",
    "phase": "staggered",
    "phase_seed": 42,
    "route_steps": 12,
    "sample_after_seconds": 7.0,
    "seed": 42,
    "warmup_seconds": 5.0
  }
}
