pygame 2.6.1 (SDL 2.28.4, Python 3.13.12)
Hello from the pygame community. https://www.pygame.org/contribute.html

============================================================
  Romance of the Three Kingdoms Strategy Game
============================================================

A hex-based turn-based strategy game powered by a modern framework.

Game Features:
  ✓ Hexagonal map system for deep tactical play
  ✓ Diverse terrain effects influencing strategy
  ✓ Fog of war for realistic battlefield uncertainty
  ✓ Play as AI or human, or both
  ✓ Detailed game statistics and analytics
  ✓ Classic turn-based strategy mechanics

Launching the game, please wait...
Falling back to default font for title
Game mode: real_time
Player configuration: human_vs_two_ai
Game scenario: chibi-144k-scale-10000
Rule BOT: disabled
Hub: offline (--no-hub)
Root seed: 42
Render cap: uncapped (throughput measurement, wall-clock delta)
Scale harness: /tmp/star-phase5-c2a-49928-control-100.sock
Game started! Configure the game in the start interface, then click start game.
World has been reset
[WorldBuilder] RngService initialized: seed=42 source=cli
[UnitActionButtonSystem] Text surfaces prewarmed: 38 cached variants
[Integrated] Map Render System initialized - performance + features
[Integrated] Unit Render System initialized - performance + features
[MapSystem] Loaded chibi-144k-scale-10000.json 120x120 tiles=14400 formations=['shu', 'wei', 'wu']
[MapSystem] GameStats component not found, skipping map info save
Creating UI buttons...
✓ Created End Turn button (Entity ID: 14400)
✓ Created Settings button (Entity ID: 14401)
✓ Created Help button (Entity ID: 14402)
✓ Created Statistics button (Entity ID: 14403)
UI buttons creation completed!
[Integrated] Loaded 6 terrain textures
[DEBUG] Loaded 9 unit textures, pre-cached 54 variants
[MapSystem] Map info saved: 120x120 id=chibi 144k-scale-10000 spawns={'wei': (0, 21), 'shu': (-38, 15), 'wu': (31, 20)}
[ScaleHarness] UDS ready: /tmp/star-phase5-c2a-49928-control-100.sock
[DEBUG] Frames: 300, visible tiles: 13500/14400, saved: 900
World has been reset
Game exited
Game Over
