{
  "guards": {
    "active_matches_start": true,
    "controlled_work_present": true,
    "density_matches": true,
    "fog_fixed_on": true,
    "gc_automatic_disabled_during_defer": true,
    "gc_defer_active_during_window": true,
    "gc_policy_metadata_matches": true,
    "gc_policy_profile_matches": true,
    "gc_policy_start_matches": true,
    "input_policy_fixed": true,
    "no_key_input": true,
    "no_mouse_button_input": true,
    "no_mouse_wheel_input": true,
    "no_pathfinding_during_execution": true,
    "position_commits_present": true,
    "production_animation_path": true,
    "profile_configured_movers_match": true,
    "profile_density_matches": true,
    "profile_phase_matches": true,
    "resident_matches_prepare": true,
    "rolling_window_full": true,
    "vision_dirty_present": true,
    "window_not_capacity_limited": true,
    "zero_density_no_position_commits": true,
    "zero_density_no_vision_dirty": true
  },
  "ok": true,
  "prepare": {
    "batch_id": 1,
    "failed_units": 0,
    "failure_reasons": {},
    "living_units": 10000,
    "ok": true,
    "phase": "prepared",
    "preparation_success_ratio": 1.0,
    "prepared_units": 10000,
    "requested_units": 10000,
    "route_steps": 12,
    "seed": 42
  },
  "profile": {
    "controlled_work_frame_ms": {
      "avg": 16.870546468634686,
      "max": 21.722875,
      "p50": 16.750706,
      "p95": 17.4668545,
      "p99": 20.5949962
    },
    "frame_body_fps": 54.401186478715836,
    "frame_metrics": {
      "effect_position_index_changes": {
        "avg": 0.0,
        "kind": "numeric",
        "last": 0,
        "max": 0.0,
        "min": 0.0,
        "missing_samples": 0,
        "observed_samples": 271,
        "p50": 0.0,
        "p95": 0.0,
        "p99": 0.0
      },
      "fog_enabled": {
        "avg": 1.0,
        "kind": "numeric",
        "last": 1,
        "max": 1.0,
        "min": 1.0,
        "missing_samples": 0,
        "observed_samples": 271,
        "p50": 1.0,
        "p95": 1.0,
        "p99": 1.0
      },
      "input_key_down": {
        "avg": 0.0,
        "kind": "numeric",
        "last": 0,
        "max": 0.0,
        "min": 0.0,
        "missing_samples": 0,
        "observed_samples": 271,
        "p50": 0.0,
        "p95": 0.0,
        "p99": 0.0
      },
      "input_mouse_button": {
        "avg": 0.0,
        "kind": "numeric",
        "last": 0,
        "max": 0.0,
        "min": 0.0,
        "missing_samples": 0,
        "observed_samples": 271,
        "p50": 0.0,
        "p95": 0.0,
        "p99": 0.0
      },
      "input_mouse_wheel": {
        "avg": 0.0,
        "kind": "numeric",
        "last": 0,
        "max": 0.0,
        "min": 0.0,
        "missing_samples": 0,
        "observed_samples": 271,
        "p50": 0.0,
        "p95": 0.0,
        "p99": 0.0
      },
      "scale_configured_moving_units": {
        "avg": 0.0,
        "kind": "numeric",
        "last": 0,
        "max": 0.0,
        "min": 0.0,
        "missing_samples": 0,
        "observed_samples": 271,
        "p50": 0.0,
        "p95": 0.0,
        "p99": 0.0
      },
      "scale_execution_density": {
        "avg": 0.0,
        "kind": "numeric",
        "last": 0.0,
        "max": 0.0,
        "min": 0.0,
        "missing_samples": 0,
        "observed_samples": 271,
        "p50": 0.0,
        "p95": 0.0,
        "p99": 0.0
      },
      "scale_gc_automatic_enabled": {
        "avg": 0.0,
        "kind": "numeric",
        "last": 0,
        "max": 0.0,
        "min": 0.0,
        "missing_samples": 0,
        "observed_samples": 271,
        "p50": 0.0,
        "p95": 0.0,
        "p99": 0.0
      },
      "scale_gc_defer_active": {
        "avg": 1.0,
        "kind": "numeric",
        "last": 1,
        "max": 1.0,
        "min": 1.0,
        "missing_samples": 0,
        "observed_samples": 271,
        "p50": 1.0,
        "p95": 1.0,
        "p99": 1.0
      },
      "scale_gc_policy": {
        "kind": "categorical",
        "last": "realtime_defer",
        "missing_samples": 0,
        "observed_samples": 271,
        "values": [
          "realtime_defer"
        ]
      },
      "scale_motion_phase": {
        "kind": "categorical",
        "last": "staggered",
        "missing_samples": 0,
        "observed_samples": 271,
        "values": [
          "staggered"
        ]
      },
      "vision_dirty_units": {
        "avg": 0.0,
        "kind": "numeric",
        "last": 0,
        "max": 0.0,
        "min": 0.0,
        "missing_samples": 0,
        "observed_samples": 271,
        "p50": 0.0,
        "p95": 0.0,
        "p99": 0.0
      },
      "vision_fog_delta_tiles": {
        "avg": 0.0,
        "kind": "numeric",
        "last": 0,
        "max": 0.0,
        "min": 0.0,
        "missing_samples": 0,
        "observed_samples": 271,
        "p50": 0.0,
        "p95": 0.0,
        "p99": 0.0
      },
      "vision_units_scanned": {
        "avg": 0.0,
        "kind": "numeric",
        "last": 0,
        "max": 0.0,
        "min": 0.0,
        "missing_samples": 0,
        "observed_samples": 271,
        "p50": 0.0,
        "p95": 0.0,
        "p99": 0.0
      }
    },
    "frame_ms": {
      "avg": 18.381952025830255,
      "max": 26.714709,
      "p95": 19.0333545,
      "p99": 22.217141700000006
    },
    "metadata": {
      "benchmark_uncapped": true,
      "clock_mode": "uncapped_wall_clock",
      "display": "window",
      "fps_cap": "uncapped",
      "headless": false,
      "initial_units": 10000,
      "map_id": "chibi 144k-scale-10000",
      "map_size": "120x120",
      "map_tiles": 14400,
      "minimap_unit_layer_enabled": false,
      "minimap_unit_layer_override": "off",
      "minimap_unit_refresh_hz": 15.0,
      "mock_ai": false,
      "mode": "real_time",
      "players": "shu:ai,wei:human,wu:ai",
      "scale_accepted_moving_units": 0,
      "scale_achieved_density": 0.0,
      "scale_duration_seconds": 20.0,
      "scale_execution_density": 0.0,
      "scale_execution_mode": "sustained_production_animation",
      "scale_gc_full_collect_collected": 0,
      "scale_gc_full_collect_ms": 31.4565,
      "scale_gc_policy": "realtime_defer",
      "scale_harness": true,
      "scale_harness_socket": "/tmp/star-10k-22195-00pct-moving.sock",
      "scale_harness_version": "production-v2",
      "scale_input_policy": "blocked_gameplay_events",
      "scale_motion_phase": "staggered",
      "scale_phase_seed": 42,
      "scale_prepared_units": 10000,
      "scale_resident_units": 10000,
      "scale_route_seed": 42,
      "scale_route_steps": 12,
      "scenario": "chibi-144k-scale-10000",
      "text_input": false,
      "window": "2480x1265"
    },
    "platform_input_frame_ms": {
      "avg": 0.036271940959409596,
      "max": 0.1025,
      "p50": 0.034209,
      "p95": 0.0617915,
      "p99": 0.08389620000000005
    },
    "present_frame_ms": {
      "avg": 1.4551276051660518,
      "max": 9.260333,
      "p50": 1.418791,
      "p95": 1.5373965,
      "p99": 1.6485295
    },
    "sample_count": 271,
    "sections": {
      "AnimationSystem": {
        "category": "work",
        "frame_share_pct": 0.06050546130911447,
        "inclusive_ms": 0.011122084870848708,
        "max_inclusive_ms": 0.019708,
        "max_self_ms": 0.019708,
        "p95_inclusive_ms": 0.0126255,
        "p95_self_ms": 0.0126255,
        "p99_inclusive_ms": 0.015124800000000004,
        "p99_self_ms": 0.015124800000000004,
        "samples": 271,
        "self_ms": 0.011122084870848708
      },
      "MiniMapSystem": {
        "category": "work",
        "frame_share_pct": 0.25653857099455984,
        "inclusive_ms": 0.047156797047970475,
        "max_inclusive_ms": 0.058667,
        "max_self_ms": 0.058667,
        "p95_inclusive_ms": 0.051687,
        "p95_self_ms": 0.051687,
        "p99_inclusive_ms": 0.05357060000000001,
        "p99_self_ms": 0.05357060000000001,
        "samples": 271,
        "self_ms": 0.047156797047970475
      },
      "UnitRenderSystem": {
        "category": "work",
        "frame_share_pct": 30.08880596824955,
        "inclusive_ms": 7.160162682656826,
        "max_inclusive_ms": 8.317291,
        "max_self_ms": 6.506583,
        "p95_inclusive_ms": 7.401875,
        "p95_self_ms": 5.710167,
        "p99_inclusive_ms": 7.7163125,
        "p99_self_ms": 5.991946300000001,
        "samples": 271,
        "self_ms": 5.530909878228782
      },
      "VisionSystem": {
        "category": "work",
        "frame_share_pct": 0.03288519603856687,
        "inclusive_ms": 0.0809139446494465,
        "max_inclusive_ms": 4.165375,
        "max_self_ms": 0.018667,
        "p95_inclusive_ms": 0.007,
        "p95_self_ms": 0.007,
        "p99_inclusive_ms": 4.041503800000001,
        "p99_self_ms": 0.009786800000000043,
        "samples": 271,
        "self_ms": 0.006044940959409595
      },
      "render_engine": {
        "category": "render",
        "frame_share_pct": 0.4572594570153863,
        "inclusive_ms": 3.4125581439114394,
        "max_inclusive_ms": 3.708792,
        "max_self_ms": 0.180959,
        "p95_inclusive_ms": 3.534354,
        "p95_self_ms": 0.13004100000000002,
        "p99_inclusive_ms": 3.5951171,
        "p99_self_ms": 0.1631256,
        "samples": 271,
        "self_ms": 0.08405321402214022
      },
      "render_scalar_execute": {
        "category": "render",
        "frame_share_pct": 11.507891165409498,
        "inclusive_ms": 2.115375033210332,
        "max_inclusive_ms": 2.274916,
        "max_self_ms": 2.274916,
        "p95_inclusive_ms": 2.201124,
        "p95_self_ms": 2.201124,
        "p99_inclusive_ms": 2.2479256000000003,
        "p99_self_ms": 2.2479256000000003,
        "samples": 271,
        "self_ms": 2.115375033210332
      }
    },
    "uninstrumented_frame_ms": {
      "avg": 0.01090950553505535,
      "max": 0.026418,
      "p50": 0.0105,
      "p95": 0.013812,
      "p99": 0.01806310000000003
    },
    "window_capacity_limited": false,
    "window_coverage_s": 5.004928,
    "window_throughput_fps": 54.146633078437894
  },
  "profile_path": "/Users/liyang/Developer/star-main/results/phase5-10k-core/chibi-144k-scale-10000/20260906-030632/00pct-moving/profile.json",
  "start": {
    "accepted_moving_units": 0,
    "achieved_density": 0.0,
    "batch_id": 1,
    "duration_seconds": 20.0,
    "execution_density": 0.0,
    "gc_policy": {
      "activation_serial": 1,
      "active": true,
      "automatic_gc_enabled": false,
      "deadline_remaining_seconds": 19.999998,
      "full_collect_collected": 0,
      "full_collect_ms": 31.4565,
      "gc_count": [
        1,
        0,
        0
      ],
      "last_restore_reason": "",
      "mode": "realtime_defer",
      "original_automatic_gc_enabled": true
    },
    "motion_phase": "staggered",
    "normal_move_resources_and_stats": false,
    "ok": true,
    "pathfinding_during_execution": false,
    "phase": "started",
    "phase_progress_p50": 0.0,
    "phase_progress_p95": 0.0,
    "phase_seed": 42,
    "production_animation_and_commits": true,
    "rejected_units": 0,
    "rejection_reasons": {},
    "requested_moving_units": 0,
    "resident_units": 10000
  },
  "status": {
    "active_moving_units": 0,
    "actual_density": 0.0,
    "configured_moving_units": 0,
    "execution_density": 0.0,
    "gc_policy": {
      "activation_serial": 1,
      "active": true,
      "automatic_gc_enabled": false,
      "deadline_remaining_seconds": 12.947556,
      "full_collect_collected": 0,
      "full_collect_ms": 31.4565,
      "gc_count": [
        26362,
        0,
        0
      ],
      "last_restore_reason": "",
      "mode": "realtime_defer",
      "original_automatic_gc_enabled": true
    },
    "living_units": 10000,
    "motion_phase": "staggered",
    "ok": true,
    "prepared": {
      "batch_id": 1,
      "failed_units": 0,
      "failure_reasons": {},
      "living_units": 10000,
      "preparation_success_ratio": 1.0,
      "prepared_units": 10000,
      "requested_units": 10000,
      "route_steps": 12,
      "seed": 42
    },
    "socket": "/tmp/star-10k-22195-00pct-moving.sock"
  },
  "workload": {
    "duration_seconds": 20.0,
    "execution_density": 0.0,
    "gc_policy": "realtime_defer",
    "phase": "staggered",
    "phase_seed": 42,
    "route_steps": 12,
    "sample_after_seconds": 7.0,
    "seed": 42,
    "warmup_seconds": 5.0
  }
}
