{
  "guards": {
    "active_matches_start": true,
    "controlled_work_present": true,
    "density_matches": true,
    "fog_fixed_on": true,
    "gc_automatic_disabled_during_defer": true,
    "gc_defer_active_during_window": true,
    "gc_policy_metadata_matches": true,
    "gc_policy_profile_matches": true,
    "gc_policy_start_matches": true,
    "input_policy_fixed": true,
    "no_key_input": true,
    "no_mouse_button_input": true,
    "no_mouse_wheel_input": true,
    "no_pathfinding_during_execution": true,
    "position_commits_present": true,
    "production_animation_path": true,
    "profile_configured_movers_match": true,
    "profile_density_matches": true,
    "profile_phase_matches": true,
    "resident_matches_prepare": true,
    "rolling_window_full": true,
    "vision_dirty_present": true,
    "window_not_capacity_limited": true,
    "zero_density_no_position_commits": true,
    "zero_density_no_vision_dirty": true
  },
  "ok": true,
  "prepare": {
    "batch_id": 1,
    "failed_units": 0,
    "failure_reasons": {},
    "living_units": 10000,
    "ok": true,
    "phase": "prepared",
    "preparation_success_ratio": 1.0,
    "prepared_units": 10000,
    "requested_units": 10000,
    "route_steps": 12,
    "seed": 42
  },
  "profile": {
    "controlled_work_frame_ms": {
      "avg": 41.58860164655172,
      "max": 46.629292,
      "p50": 41.452916,
      "p95": 43.744291999999994,
      "p99": 46.19142049999999
    },
    "frame_body_fps": 23.182569790799104,
    "frame_metrics": {
      "effect_position_index_changes": {
        "avg": 863.8965517241379,
        "kind": "numeric",
        "last": 934,
        "max": 989.0,
        "min": 761.0,
        "missing_samples": 0,
        "observed_samples": 116,
        "p50": 860.5,
        "p95": 929.75,
        "p99": 957.0999999999999
      },
      "fog_enabled": {
        "avg": 1.0,
        "kind": "numeric",
        "last": 1,
        "max": 1.0,
        "min": 1.0,
        "missing_samples": 0,
        "observed_samples": 116,
        "p50": 1.0,
        "p95": 1.0,
        "p99": 1.0
      },
      "input_key_down": {
        "avg": 0.0,
        "kind": "numeric",
        "last": 0,
        "max": 0.0,
        "min": 0.0,
        "missing_samples": 0,
        "observed_samples": 116,
        "p50": 0.0,
        "p95": 0.0,
        "p99": 0.0
      },
      "input_mouse_button": {
        "avg": 0.0,
        "kind": "numeric",
        "last": 0,
        "max": 0.0,
        "min": 0.0,
        "missing_samples": 0,
        "observed_samples": 116,
        "p50": 0.0,
        "p95": 0.0,
        "p99": 0.0
      },
      "input_mouse_wheel": {
        "avg": 0.0,
        "kind": "numeric",
        "last": 0,
        "max": 0.0,
        "min": 0.0,
        "missing_samples": 0,
        "observed_samples": 116,
        "p50": 0.0,
        "p95": 0.0,
        "p99": 0.0
      },
      "scale_configured_moving_units": {
        "avg": 10000.0,
        "kind": "numeric",
        "last": 10000,
        "max": 10000.0,
        "min": 10000.0,
        "missing_samples": 0,
        "observed_samples": 116,
        "p50": 10000.0,
        "p95": 10000.0,
        "p99": 10000.0
      },
      "scale_execution_density": {
        "avg": 1.0,
        "kind": "numeric",
        "last": 1.0,
        "max": 1.0,
        "min": 1.0,
        "missing_samples": 0,
        "observed_samples": 116,
        "p50": 1.0,
        "p95": 1.0,
        "p99": 1.0
      },
      "scale_gc_automatic_enabled": {
        "avg": 0.0,
        "kind": "numeric",
        "last": 0,
        "max": 0.0,
        "min": 0.0,
        "missing_samples": 0,
        "observed_samples": 116,
        "p50": 0.0,
        "p95": 0.0,
        "p99": 0.0
      },
      "scale_gc_defer_active": {
        "avg": 1.0,
        "kind": "numeric",
        "last": 1,
        "max": 1.0,
        "min": 1.0,
        "missing_samples": 0,
        "observed_samples": 116,
        "p50": 1.0,
        "p95": 1.0,
        "p99": 1.0
      },
      "scale_gc_policy": {
        "kind": "categorical",
        "last": "realtime_defer",
        "missing_samples": 0,
        "observed_samples": 116,
        "values": [
          "realtime_defer"
        ]
      },
      "scale_motion_phase": {
        "kind": "categorical",
        "last": "staggered",
        "missing_samples": 0,
        "observed_samples": 116,
        "values": [
          "staggered"
        ]
      },
      "vision_dirty_units": {
        "avg": 864.3189655172414,
        "kind": "numeric",
        "last": 922,
        "max": 989.0,
        "min": 761.0,
        "missing_samples": 0,
        "observed_samples": 116,
        "p50": 860.5,
        "p95": 929.75,
        "p99": 957.0999999999999
      },
      "vision_fog_delta_tiles": {
        "avg": 67.49137931034483,
        "kind": "numeric",
        "last": 78,
        "max": 103.0,
        "min": 37.0,
        "missing_samples": 0,
        "observed_samples": 116,
        "p50": 67.0,
        "p95": 90.25,
        "p99": 99.69999999999999
      },
      "vision_units_scanned": {
        "avg": 864.3189655172414,
        "kind": "numeric",
        "last": 922,
        "max": 989.0,
        "min": 761.0,
        "missing_samples": 0,
        "observed_samples": 116,
        "p50": 860.5,
        "p95": 929.75,
        "p99": 957.0999999999999
      }
    },
    "frame_ms": {
      "avg": 43.13585633620689,
      "max": 48.361125,
      "p95": 45.327094,
      "p99": 47.8789295
    },
    "metadata": {
      "benchmark_uncapped": true,
      "clock_mode": "uncapped_wall_clock",
      "display": "window",
      "fps_cap": "uncapped",
      "headless": false,
      "initial_units": 10000,
      "map_id": "chibi 144k-scale-10000",
      "map_size": "120x120",
      "map_tiles": 14400,
      "minimap_unit_layer_enabled": false,
      "minimap_unit_layer_override": "off",
      "minimap_unit_refresh_hz": 15.0,
      "mock_ai": false,
      "mode": "real_time",
      "players": "shu:ai,wei:human,wu:ai",
      "scale_accepted_moving_units": 10000,
      "scale_achieved_density": 1.0,
      "scale_duration_seconds": 20.0,
      "scale_execution_density": 1.0,
      "scale_execution_mode": "sustained_production_animation",
      "scale_gc_full_collect_collected": 0,
      "scale_gc_full_collect_ms": 37.293333,
      "scale_gc_policy": "realtime_defer",
      "scale_harness": true,
      "scale_harness_socket": "/tmp/star-10k-22195-100pct-moving.sock",
      "scale_harness_version": "production-v2",
      "scale_input_policy": "blocked_gameplay_events",
      "scale_motion_phase": "staggered",
      "scale_phase_seed": 42,
      "scale_prepared_units": 10000,
      "scale_resident_units": 10000,
      "scale_route_seed": 42,
      "scale_route_steps": 12,
      "scenario": "chibi-144k-scale-10000",
      "text_input": false,
      "window": "2480x1265"
    },
    "platform_input_frame_ms": {
      "avg": 0.04610201724137931,
      "max": 0.097291,
      "p50": 0.0417295,
      "p95": 0.068855,
      "p99": 0.08020264999999999
    },
    "present_frame_ms": {
      "avg": 1.4781820948275861,
      "max": 1.701875,
      "p50": 1.477125,
      "p95": 1.60739625,
      "p99": 1.6688249
    },
    "sample_count": 116,
    "sections": {
      "AnimationSystem": {
        "category": "work",
        "frame_share_pct": 31.391200432304565,
        "inclusive_ms": 13.540863120689654,
        "max_inclusive_ms": 15.440333,
        "max_self_ms": 15.440333,
        "p95_inclusive_ms": 14.244749749999999,
        "p95_self_ms": 14.244749749999999,
        "p99_inclusive_ms": 14.8902544,
        "p99_self_ms": 14.8902544,
        "samples": 116,
        "self_ms": 13.540863120689654
      },
      "MiniMapSystem": {
        "category": "work",
        "frame_share_pct": 0.11827861021617263,
        "inclusive_ms": 0.05102049137931035,
        "max_inclusive_ms": 0.060667,
        "max_self_ms": 0.060667,
        "p95_inclusive_ms": 0.054448,
        "p95_self_ms": 0.054448,
        "p99_inclusive_ms": 0.06017669999999999,
        "p99_self_ms": 0.06017669999999999,
        "samples": 116,
        "self_ms": 0.05102049137931035
      },
      "UnitRenderSystem": {
        "category": "work",
        "frame_share_pct": 17.6962496538615,
        "inclusive_ms": 9.995424181034483,
        "max_inclusive_ms": 11.647125,
        "max_self_ms": 9.273917,
        "p95_inclusive_ms": 10.847844249999998,
        "p95_self_ms": 8.307499250000001,
        "p99_inclusive_ms": 11.528728599999999,
        "p99_self_ms": 8.9308876,
        "samples": 116,
        "self_ms": 7.633428827586207
      },
      "VisionSystem": {
        "category": "work",
        "frame_share_pct": 14.310068231928666,
        "inclusive_ms": 6.251225215517241,
        "max_inclusive_ms": 10.863916,
        "max_self_ms": 7.030541,
        "p95_inclusive_ms": 6.78755225,
        "p95_self_ms": 6.73311475,
        "p99_inclusive_ms": 10.236670449999979,
        "p99_self_ms": 6.90843125,
        "samples": 116,
        "self_ms": 6.1727704741379315
      },
      "render_engine": {
        "category": "render",
        "frame_share_pct": 0.24463850438162615,
        "inclusive_ms": 3.7847155172413793,
        "max_inclusive_ms": 4.06875,
        "max_self_ms": 0.157293,
        "p95_inclusive_ms": 3.95977125,
        "p95_self_ms": 0.116386,
        "p99_inclusive_ms": 4.02427135,
        "p99_self_ms": 0.13734019999999997,
        "samples": 116,
        "self_ms": 0.10552691379310346
      },
      "render_scalar_execute": {
        "category": "render",
        "frame_share_pct": 4.93397448740408,
        "inclusive_ms": 2.1283121465517243,
        "max_inclusive_ms": 2.343919,
        "max_self_ms": 2.343919,
        "p95_inclusive_ms": 2.2006785,
        "p95_self_ms": 2.2006785,
        "p99_inclusive_ms": 2.2904188999999997,
        "p99_self_ms": 2.2904188999999997,
        "samples": 116,
        "self_ms": 2.1283121465517243
      }
    },
    "uninstrumented_frame_ms": {
      "avg": 0.012745318965517241,
      "max": 0.026126,
      "p50": 0.012584,
      "p95": 0.0143435,
      "p99": 0.015422749999999999
    },
    "window_capacity_limited": false,
    "window_coverage_s": 5.01473575,
    "window_throughput_fps": 23.131827035950998
  },
  "profile_path": "/Users/liyang/Developer/star-main/results/phase5-10k-core/chibi-144k-scale-10000/20260906-030632/100pct-moving/profile.json",
  "start": {
    "accepted_moving_units": 10000,
    "achieved_density": 1.0,
    "batch_id": 1,
    "duration_seconds": 20.0,
    "execution_density": 1.0,
    "gc_policy": {
      "activation_serial": 1,
      "active": true,
      "automatic_gc_enabled": false,
      "deadline_remaining_seconds": 19.999999,
      "full_collect_collected": 0,
      "full_collect_ms": 37.293333,
      "gc_count": [
        1,
        0,
        0
      ],
      "last_restore_reason": "",
      "mode": "realtime_defer",
      "original_automatic_gc_enabled": true
    },
    "motion_phase": "staggered",
    "normal_move_resources_and_stats": false,
    "ok": true,
    "pathfinding_during_execution": false,
    "phase": "started",
    "phase_progress_p50": 0.5006,
    "phase_progress_p95": 0.951,
    "phase_seed": 42,
    "production_animation_and_commits": true,
    "rejected_units": 0,
    "rejection_reasons": {},
    "requested_moving_units": 10000,
    "resident_units": 10000
  },
  "status": {
    "active_moving_units": 10000,
    "actual_density": 1.0,
    "configured_moving_units": 10000,
    "execution_density": 1.0,
    "gc_policy": {
      "activation_serial": 1,
      "active": true,
      "automatic_gc_enabled": false,
      "deadline_remaining_seconds": 12.930031,
      "full_collect_collected": 0,
      "full_collect_ms": 37.293333,
      "gc_count": [
        32562,
        0,
        0
      ],
      "last_restore_reason": "",
      "mode": "realtime_defer",
      "original_automatic_gc_enabled": true
    },
    "living_units": 10000,
    "motion_phase": "staggered",
    "ok": true,
    "prepared": {
      "batch_id": 1,
      "failed_units": 0,
      "failure_reasons": {},
      "living_units": 10000,
      "preparation_success_ratio": 1.0,
      "prepared_units": 10000,
      "requested_units": 10000,
      "route_steps": 12,
      "seed": 42
    },
    "socket": "/tmp/star-10k-22195-100pct-moving.sock"
  },
  "workload": {
    "duration_seconds": 20.0,
    "execution_density": 1.0,
    "gc_policy": "realtime_defer",
    "phase": "staggered",
    "phase_seed": 42,
    "route_steps": 12,
    "sample_after_seconds": 7.0,
    "seed": 42,
    "warmup_seconds": 5.0
  }
}
