{
  "guards": {
    "active_matches_start": true,
    "controlled_work_present": true,
    "density_matches": true,
    "fog_fixed_on": true,
    "gc_automatic_disabled_during_defer": true,
    "gc_defer_active_during_window": true,
    "gc_policy_metadata_matches": true,
    "gc_policy_profile_matches": true,
    "gc_policy_start_matches": true,
    "input_policy_fixed": true,
    "no_key_input": true,
    "no_mouse_button_input": true,
    "no_mouse_wheel_input": true,
    "no_pathfinding_during_execution": true,
    "position_commits_present": true,
    "production_animation_path": true,
    "profile_configured_movers_match": true,
    "profile_density_matches": true,
    "profile_phase_matches": true,
    "resident_matches_prepare": true,
    "rolling_window_full": true,
    "vision_dirty_present": true,
    "window_not_capacity_limited": true,
    "zero_density_no_position_commits": true,
    "zero_density_no_vision_dirty": true
  },
  "ok": true,
  "prepare": {
    "batch_id": 1,
    "failed_units": 0,
    "failure_reasons": {},
    "living_units": 10000,
    "ok": true,
    "phase": "prepared",
    "preparation_success_ratio": 1.0,
    "prepared_units": 10000,
    "requested_units": 10000,
    "route_steps": 12,
    "seed": 42
  },
  "profile": {
    "controlled_work_frame_ms": {
      "avg": 25.47440776344086,
      "max": 29.886791,
      "p50": 25.435751,
      "p95": 26.55951075,
      "p99": 28.760631
    },
    "frame_body_fps": 37.195725333340086,
    "frame_metrics": {
      "effect_position_index_changes": {
        "avg": 269.6182795698925,
        "kind": "numeric",
        "last": 297,
        "max": 326.0,
        "min": 211.0,
        "missing_samples": 0,
        "observed_samples": 186,
        "p50": 270.0,
        "p95": 296.75,
        "p99": 307.4000000000001
      },
      "fog_enabled": {
        "avg": 1.0,
        "kind": "numeric",
        "last": 1,
        "max": 1.0,
        "min": 1.0,
        "missing_samples": 0,
        "observed_samples": 186,
        "p50": 1.0,
        "p95": 1.0,
        "p99": 1.0
      },
      "input_key_down": {
        "avg": 0.0,
        "kind": "numeric",
        "last": 0,
        "max": 0.0,
        "min": 0.0,
        "missing_samples": 0,
        "observed_samples": 186,
        "p50": 0.0,
        "p95": 0.0,
        "p99": 0.0
      },
      "input_mouse_button": {
        "avg": 0.0,
        "kind": "numeric",
        "last": 0,
        "max": 0.0,
        "min": 0.0,
        "missing_samples": 0,
        "observed_samples": 186,
        "p50": 0.0,
        "p95": 0.0,
        "p99": 0.0
      },
      "input_mouse_wheel": {
        "avg": 0.0,
        "kind": "numeric",
        "last": 0,
        "max": 0.0,
        "min": 0.0,
        "missing_samples": 0,
        "observed_samples": 186,
        "p50": 0.0,
        "p95": 0.0,
        "p99": 0.0
      },
      "scale_configured_moving_units": {
        "avg": 5000.0,
        "kind": "numeric",
        "last": 5000,
        "max": 5000.0,
        "min": 5000.0,
        "missing_samples": 0,
        "observed_samples": 186,
        "p50": 5000.0,
        "p95": 5000.0,
        "p99": 5000.0
      },
      "scale_execution_density": {
        "avg": 0.5,
        "kind": "numeric",
        "last": 0.5,
        "max": 0.5,
        "min": 0.5,
        "missing_samples": 0,
        "observed_samples": 186,
        "p50": 0.5,
        "p95": 0.5,
        "p99": 0.5
      },
      "scale_gc_automatic_enabled": {
        "avg": 0.0,
        "kind": "numeric",
        "last": 0,
        "max": 0.0,
        "min": 0.0,
        "missing_samples": 0,
        "observed_samples": 186,
        "p50": 0.0,
        "p95": 0.0,
        "p99": 0.0
      },
      "scale_gc_defer_active": {
        "avg": 1.0,
        "kind": "numeric",
        "last": 1,
        "max": 1.0,
        "min": 1.0,
        "missing_samples": 0,
        "observed_samples": 186,
        "p50": 1.0,
        "p95": 1.0,
        "p99": 1.0
      },
      "scale_gc_policy": {
        "kind": "categorical",
        "last": "realtime_defer",
        "missing_samples": 0,
        "observed_samples": 186,
        "values": [
          "realtime_defer"
        ]
      },
      "scale_motion_phase": {
        "kind": "categorical",
        "last": "staggered",
        "missing_samples": 0,
        "observed_samples": 186,
        "values": [
          "staggered"
        ]
      },
      "vision_dirty_units": {
        "avg": 269.8010752688172,
        "kind": "numeric",
        "last": 304,
        "max": 326.0,
        "min": 211.0,
        "missing_samples": 0,
        "observed_samples": 186,
        "p50": 270.0,
        "p95": 297.75,
        "p99": 307.4000000000001
      },
      "vision_fog_delta_tiles": {
        "avg": 35.91935483870968,
        "kind": "numeric",
        "last": 43,
        "max": 75.0,
        "min": 3.0,
        "missing_samples": 0,
        "observed_samples": 186,
        "p50": 35.5,
        "p95": 56.0,
        "p99": 67.15
      },
      "vision_units_scanned": {
        "avg": 269.8010752688172,
        "kind": "numeric",
        "last": 304,
        "max": 326.0,
        "min": 211.0,
        "missing_samples": 0,
        "observed_samples": 186,
        "p50": 270.0,
        "p95": 297.75,
        "p99": 307.4000000000001
      }
    },
    "frame_ms": {
      "avg": 26.884809774193545,
      "max": 31.260209,
      "p95": 27.980688,
      "p99": 30.171606300000004
    },
    "metadata": {
      "benchmark_uncapped": true,
      "clock_mode": "uncapped_wall_clock",
      "display": "window",
      "fps_cap": "uncapped",
      "headless": false,
      "initial_units": 10000,
      "map_id": "chibi 144k-scale-10000",
      "map_size": "120x120",
      "map_tiles": 14400,
      "minimap_unit_layer_enabled": false,
      "minimap_unit_layer_override": "off",
      "minimap_unit_refresh_hz": 15.0,
      "mock_ai": false,
      "mode": "real_time",
      "phase5_vision_hit_attribution": true,
      "phase5_vision_hit_sample_every": 16,
      "phase5_vision_hit_source_guard": {
        "rotk_env/systems/animation_system.py": "a0fea5453419cbb409287c72d5156208d280219f",
        "rotk_env/systems/vision_system.py": "6e9190ceb209e257e8f3f10bebe6eb571b8415b4",
        "rotk_env/systems/window_movement_system.py": "9dce77603b42c588357fffa0438246f7f6e62117",
        "rotk_env/systems/window_vision_system.py": "3df5cb1c0d5827928613600a7b58fc5163d33080",
        "rotk_env/utils/unit_spatial_index.py": "768200c3f5d6fc763c6bcf01c4f9711b4979e11a"
      },
      "players": "shu:ai,wei:human,wu:ai",
      "scale_accepted_moving_units": 5000,
      "scale_achieved_density": 0.5,
      "scale_duration_seconds": 20.0,
      "scale_execution_density": 0.5,
      "scale_execution_mode": "sustained_production_animation",
      "scale_gc_full_collect_collected": 0,
      "scale_gc_full_collect_ms": 32.962417,
      "scale_gc_policy": "realtime_defer",
      "scale_harness": true,
      "scale_harness_socket": "/tmp/star-phase5-c1-6749-50pct-moving.sock",
      "scale_harness_version": "production-v2",
      "scale_input_policy": "blocked_gameplay_events",
      "scale_motion_phase": "staggered",
      "scale_phase_seed": 42,
      "scale_prepared_units": 10000,
      "scale_resident_units": 10000,
      "scale_route_seed": 42,
      "scale_route_steps": 12,
      "scenario": "chibi-144k-scale-10000",
      "text_input": false,
      "window": "2480x1265"
    },
    "platform_input_frame_ms": {
      "avg": 0.03557012365591398,
      "max": 0.097833,
      "p50": 0.034833,
      "p95": 0.04314525,
      "p99": 0.05519740000000007
    },
    "present_frame_ms": {
      "avg": 1.3544253870967742,
      "max": 1.529583,
      "p50": 1.3461254999999999,
      "p95": 1.43156225,
      "p99": 1.4910357000000003
    },
    "sample_count": 186,
    "sections": {
      "AnimationSystem": {
        "category": "work",
        "frame_share_pct": 13.073292550156282,
        "inclusive_ms": 3.514729833333333,
        "max_inclusive_ms": 3.835708,
        "max_self_ms": 3.835708,
        "p95_inclusive_ms": 3.7115937500000005,
        "p95_self_ms": 3.7115937500000005,
        "p99_inclusive_ms": 3.7835312,
        "p99_self_ms": 3.7835312,
        "samples": 186,
        "self_ms": 3.514729833333333
      },
      "MiniMapSystem": {
        "category": "work",
        "frame_share_pct": 0.17364174446561575,
        "inclusive_ms": 0.04668325268817204,
        "max_inclusive_ms": 0.057792,
        "max_self_ms": 0.057792,
        "p95_inclusive_ms": 0.050406000000000006,
        "p95_self_ms": 0.050406000000000006,
        "p99_inclusive_ms": 0.05357505000000001,
        "p99_self_ms": 0.05357505000000001,
        "samples": 186,
        "self_ms": 0.04668325268817204
      },
      "UnitRenderSystem": {
        "category": "work",
        "frame_share_pct": 25.57410893133482,
        "inclusive_ms": 8.85798694623656,
        "max_inclusive_ms": 9.704,
        "max_self_ms": 7.544375,
        "p95_inclusive_ms": 9.30442675,
        "p95_self_ms": 7.2750005,
        "p99_inclusive_ms": 9.417527600000001,
        "p99_self_ms": 7.34637425,
        "samples": 186,
        "self_ms": 6.875550537634409
      },
      "VisionSystem": {
        "category": "work",
        "frame_share_pct": 8.450631263032982,
        "inclusive_ms": 2.337290080645161,
        "max_inclusive_ms": 6.350916,
        "max_self_ms": 2.717875,
        "p95_inclusive_ms": 2.5826665,
        "p95_self_ms": 2.54950025,
        "p99_inclusive_ms": 6.2360455,
        "p99_self_ms": 2.6433588500000007,
        "samples": 186,
        "self_ms": 2.2719361397849465
      },
      "render_engine": {
        "category": "render",
        "frame_share_pct": 0.38828635673405326,
        "inclusive_ms": 3.6189888387096776,
        "max_inclusive_ms": 3.956791,
        "max_self_ms": 0.148333,
        "p95_inclusive_ms": 3.74610375,
        "p95_self_ms": 0.11720775,
        "p99_inclusive_ms": 3.849846500000001,
        "p99_self_ms": 0.13791885000000004,
        "samples": 186,
        "self_ms": 0.10439004838709677
      },
      "render_scalar_execute": {
        "category": "render",
        "frame_share_pct": 7.521582052712808,
        "inclusive_ms": 2.0221630268817203,
        "max_inclusive_ms": 2.317041,
        "max_self_ms": 2.317041,
        "p95_inclusive_ms": 2.0880095,
        "p95_self_ms": 2.0880095,
        "p99_inclusive_ms": 2.1305984000000007,
        "p99_self_ms": 2.1305984000000007,
        "samples": 186,
        "self_ms": 2.0221630268817203
      }
    },
    "uninstrumented_frame_ms": {
      "avg": 0.010886580645161289,
      "max": 0.014707,
      "p50": 0.010791,
      "p95": 0.01247925,
      "p99": 0.014119650000000001
    },
    "window_capacity_limited": false,
    "window_coverage_s": 5.01840325,
    "window_throughput_fps": 37.063581927179726
  },
  "profile_path": "/Users/liyang/Developer/star-main/results/phase5-vision-hit-attribution/chibi-144k-scale-10000/20260906-124920/50pct-moving/profile.json",
  "start": {
    "accepted_moving_units": 5000,
    "achieved_density": 0.5,
    "batch_id": 1,
    "duration_seconds": 20.0,
    "execution_density": 0.5,
    "gc_policy": {
      "activation_serial": 1,
      "active": true,
      "automatic_gc_enabled": false,
      "deadline_remaining_seconds": 19.999998,
      "full_collect_collected": 0,
      "full_collect_ms": 32.962417,
      "gc_count": [
        1,
        0,
        0
      ],
      "last_restore_reason": "",
      "mode": "realtime_defer",
      "original_automatic_gc_enabled": true
    },
    "motion_phase": "staggered",
    "normal_move_resources_and_stats": false,
    "ok": true,
    "pathfinding_during_execution": false,
    "phase": "started",
    "phase_progress_p50": 0.504,
    "phase_progress_p95": 0.9503,
    "phase_seed": 42,
    "production_animation_and_commits": true,
    "rejected_units": 0,
    "rejection_reasons": {},
    "requested_moving_units": 5000,
    "resident_units": 10000
  },
  "status": {
    "active_moving_units": 5000,
    "actual_density": 0.5,
    "configured_moving_units": 5000,
    "execution_density": 0.5,
    "gc_policy": {
      "activation_serial": 1,
      "active": true,
      "automatic_gc_enabled": false,
      "deadline_remaining_seconds": 12.947321,
      "full_collect_collected": 0,
      "full_collect_ms": 32.962417,
      "gc_count": [
        27136,
        0,
        0
      ],
      "last_restore_reason": "",
      "mode": "realtime_defer",
      "original_automatic_gc_enabled": true
    },
    "living_units": 10000,
    "motion_phase": "staggered",
    "ok": true,
    "prepared": {
      "batch_id": 1,
      "failed_units": 0,
      "failure_reasons": {},
      "living_units": 10000,
      "preparation_success_ratio": 1.0,
      "prepared_units": 10000,
      "requested_units": 10000,
      "route_steps": 12,
      "seed": 42
    },
    "socket": "/tmp/star-phase5-c1-6749-50pct-moving.sock"
  },
  "workload": {
    "duration_seconds": 20.0,
    "execution_density": 0.5,
    "gc_policy": "realtime_defer",
    "phase": "staggered",
    "phase_seed": 42,
    "route_steps": 12,
    "sample_after_seconds": 7.0,
    "seed": 42,
    "warmup_seconds": 5.0
  }
}
