{
  "guards": {
    "active_matches_start": true,
    "controlled_work_present": true,
    "density_matches": true,
    "fog_fixed_on": true,
    "gc_automatic_disabled_during_defer": true,
    "gc_defer_active_during_window": true,
    "gc_policy_metadata_matches": true,
    "gc_policy_profile_matches": true,
    "gc_policy_start_matches": true,
    "input_policy_fixed": true,
    "no_key_input": true,
    "no_mouse_button_input": true,
    "no_mouse_wheel_input": true,
    "no_pathfinding_during_execution": true,
    "position_commits_present": true,
    "production_animation_path": true,
    "profile_configured_movers_match": true,
    "profile_density_matches": true,
    "profile_phase_matches": true,
    "resident_matches_prepare": true,
    "rolling_window_full": true,
    "vision_dirty_present": true,
    "window_not_capacity_limited": true,
    "zero_density_no_position_commits": true,
    "zero_density_no_vision_dirty": true
  },
  "ok": true,
  "prepare": {
    "batch_id": 1,
    "failed_units": 0,
    "failure_reasons": {},
    "living_units": 10000,
    "ok": true,
    "phase": "prepared",
    "preparation_success_ratio": 1.0,
    "prepared_units": 10000,
    "requested_units": 10000,
    "route_steps": 12,
    "seed": 42
  },
  "profile": {
    "controlled_work_frame_ms": {
      "avg": 24.695235821989527,
      "max": 29.58621,
      "p50": 24.589957,
      "p95": 25.8857285,
      "p99": 28.640696199999997
    },
    "frame_body_fps": 38.30802801842189,
    "frame_metrics": {
      "effect_position_index_changes": {
        "avg": 261.84293193717275,
        "kind": "numeric",
        "last": 267,
        "max": 325.0,
        "min": 211.0,
        "missing_samples": 0,
        "observed_samples": 191,
        "p50": 262.0,
        "p95": 288.5,
        "p99": 303.9999999999999
      },
      "fog_enabled": {
        "avg": 1.0,
        "kind": "numeric",
        "last": 1,
        "max": 1.0,
        "min": 1.0,
        "missing_samples": 0,
        "observed_samples": 191,
        "p50": 1.0,
        "p95": 1.0,
        "p99": 1.0
      },
      "input_key_down": {
        "avg": 0.0,
        "kind": "numeric",
        "last": 0,
        "max": 0.0,
        "min": 0.0,
        "missing_samples": 0,
        "observed_samples": 191,
        "p50": 0.0,
        "p95": 0.0,
        "p99": 0.0
      },
      "input_mouse_button": {
        "avg": 0.0,
        "kind": "numeric",
        "last": 0,
        "max": 0.0,
        "min": 0.0,
        "missing_samples": 0,
        "observed_samples": 191,
        "p50": 0.0,
        "p95": 0.0,
        "p99": 0.0
      },
      "input_mouse_wheel": {
        "avg": 0.0,
        "kind": "numeric",
        "last": 0,
        "max": 0.0,
        "min": 0.0,
        "missing_samples": 0,
        "observed_samples": 191,
        "p50": 0.0,
        "p95": 0.0,
        "p99": 0.0
      },
      "scale_configured_moving_units": {
        "avg": 5000.0,
        "kind": "numeric",
        "last": 5000,
        "max": 5000.0,
        "min": 5000.0,
        "missing_samples": 0,
        "observed_samples": 191,
        "p50": 5000.0,
        "p95": 5000.0,
        "p99": 5000.0
      },
      "scale_execution_density": {
        "avg": 0.5,
        "kind": "numeric",
        "last": 0.5,
        "max": 0.5,
        "min": 0.5,
        "missing_samples": 0,
        "observed_samples": 191,
        "p50": 0.5,
        "p95": 0.5,
        "p99": 0.5
      },
      "scale_gc_automatic_enabled": {
        "avg": 0.0,
        "kind": "numeric",
        "last": 0,
        "max": 0.0,
        "min": 0.0,
        "missing_samples": 0,
        "observed_samples": 191,
        "p50": 0.0,
        "p95": 0.0,
        "p99": 0.0
      },
      "scale_gc_defer_active": {
        "avg": 1.0,
        "kind": "numeric",
        "last": 1,
        "max": 1.0,
        "min": 1.0,
        "missing_samples": 0,
        "observed_samples": 191,
        "p50": 1.0,
        "p95": 1.0,
        "p99": 1.0
      },
      "scale_gc_policy": {
        "kind": "categorical",
        "last": "realtime_defer",
        "missing_samples": 0,
        "observed_samples": 191,
        "values": [
          "realtime_defer"
        ]
      },
      "scale_motion_phase": {
        "kind": "categorical",
        "last": "staggered",
        "missing_samples": 0,
        "observed_samples": 191,
        "values": [
          "staggered"
        ]
      },
      "vision_dirty_units": {
        "avg": 261.9685863874345,
        "kind": "numeric",
        "last": 297,
        "max": 325.0,
        "min": 211.0,
        "missing_samples": 0,
        "observed_samples": 191,
        "p50": 262.0,
        "p95": 289.0,
        "p99": 303.9999999999999
      },
      "vision_fog_delta_tiles": {
        "avg": 35.02094240837696,
        "kind": "numeric",
        "last": 58,
        "max": 75.0,
        "min": 5.0,
        "missing_samples": 0,
        "observed_samples": 191,
        "p50": 34.0,
        "p95": 55.5,
        "p99": 61.19999999999999
      },
      "vision_units_scanned": {
        "avg": 261.9685863874345,
        "kind": "numeric",
        "last": 297,
        "max": 325.0,
        "min": 211.0,
        "missing_samples": 0,
        "observed_samples": 191,
        "p50": 262.0,
        "p95": 289.0,
        "p99": 303.9999999999999
      }
    },
    "frame_ms": {
      "avg": 26.104188905759163,
      "max": 30.966916,
      "p95": 27.3029375,
      "p99": 30.060958099999997
    },
    "metadata": {
      "benchmark_uncapped": true,
      "clock_mode": "uncapped_wall_clock",
      "display": "window",
      "fps_cap": "uncapped",
      "headless": false,
      "initial_units": 10000,
      "map_id": "chibi 144k-scale-10000",
      "map_size": "120x120",
      "map_tiles": 14400,
      "minimap_unit_layer_enabled": false,
      "minimap_unit_layer_override": "off",
      "minimap_unit_refresh_hz": 15.0,
      "mock_ai": false,
      "mode": "real_time",
      "players": "shu:ai,wei:human,wu:ai",
      "scale_accepted_moving_units": 5000,
      "scale_achieved_density": 0.5,
      "scale_duration_seconds": 20.0,
      "scale_execution_density": 0.5,
      "scale_execution_mode": "sustained_production_animation",
      "scale_gc_full_collect_collected": 0,
      "scale_gc_full_collect_ms": 32.702083,
      "scale_gc_policy": "realtime_defer",
      "scale_harness": true,
      "scale_harness_socket": "/tmp/star-phase5-c2a-49928-treatment-50.sock",
      "scale_harness_version": "production-v2",
      "scale_input_policy": "blocked_gameplay_events",
      "scale_motion_phase": "staggered",
      "scale_phase_seed": 42,
      "scale_prepared_units": 10000,
      "scale_resident_units": 10000,
      "scale_route_seed": 42,
      "scale_route_steps": 12,
      "scenario": "chibi-144k-scale-10000",
      "text_input": false,
      "window": "2480x1265"
    },
    "platform_input_frame_ms": {
      "avg": 0.035382795811518326,
      "max": 0.050541,
      "p50": 0.035583,
      "p95": 0.040833,
      "p99": 0.04538839999999999
    },
    "present_frame_ms": {
      "avg": 1.3529439371727747,
      "max": 1.476292,
      "p50": 1.348459,
      "p95": 1.4259374999999999,
      "p99": 1.4528622
    },
    "sample_count": 191,
    "sections": {
      "AnimationSystem": {
        "category": "work",
        "frame_share_pct": 12.721290513162211,
        "inclusive_ms": 3.320789706806283,
        "max_inclusive_ms": 3.72325,
        "max_self_ms": 3.72325,
        "p95_inclusive_ms": 3.493771,
        "p95_self_ms": 3.493771,
        "p99_inclusive_ms": 3.5578372,
        "p99_self_ms": 3.5578372,
        "samples": 191,
        "self_ms": 3.320789706806283
      },
      "MiniMapSystem": {
        "category": "work",
        "frame_share_pct": 0.182293344277711,
        "inclusive_ms": 0.047586198952879584,
        "max_inclusive_ms": 0.053125,
        "max_self_ms": 0.053125,
        "p95_inclusive_ms": 0.050646,
        "p95_self_ms": 0.050646,
        "p99_inclusive_ms": 0.0521622,
        "p99_self_ms": 0.0521622,
        "samples": 191,
        "self_ms": 0.047586198952879584
      },
      "UnitRenderSystem": {
        "category": "work",
        "frame_share_pct": 26.792208654371546,
        "inclusive_ms": 8.989783617801047,
        "max_inclusive_ms": 9.695959,
        "max_self_ms": 7.669167,
        "p95_inclusive_ms": 9.5109165,
        "p95_self_ms": 7.439271,
        "p99_inclusive_ms": 9.564825299999999,
        "p99_self_ms": 7.521408599999999,
        "samples": 191,
        "self_ms": 6.993888759162303
      },
      "VisionSystem": {
        "category": "work",
        "frame_share_pct": 5.824668811689329,
        "inclusive_ms": 1.587455937172775,
        "max_inclusive_ms": 5.826875,
        "max_self_ms": 1.874708,
        "p95_inclusive_ms": 1.7638129999999999,
        "p95_self_ms": 1.7103329999999999,
        "p99_inclusive_ms": 5.7105334,
        "p99_self_ms": 1.8306338999999998,
        "samples": 191,
        "self_ms": 1.52048254973822
      },
      "render_engine": {
        "category": "render",
        "frame_share_pct": 0.38383015481853977,
        "inclusive_ms": 3.6177616178010474,
        "max_inclusive_ms": 3.79125,
        "max_self_ms": 0.139667,
        "p95_inclusive_ms": 3.7282085,
        "p95_self_ms": 0.1107085,
        "p99_inclusive_ms": 3.7665208000000003,
        "p99_self_ms": 0.11774589999999999,
        "samples": 191,
        "self_ms": 0.10019574869109948
      },
      "render_scalar_execute": {
        "category": "render",
        "frame_share_pct": 7.850449821318834,
        "inclusive_ms": 2.049296251308901,
        "max_inclusive_ms": 2.105126,
        "max_self_ms": 2.105126,
        "p95_inclusive_ms": 2.089001,
        "p95_self_ms": 2.089001,
        "p99_inclusive_ms": 2.1007074,
        "p99_self_ms": 2.1007074,
        "samples": 191,
        "self_ms": 2.049296251308901
      }
    },
    "uninstrumented_frame_ms": {
      "avg": 0.010813230366492146,
      "max": 0.013126,
      "p50": 0.010751,
      "p95": 0.0120845,
      "p99": 0.012579399999999998
    },
    "window_capacity_limited": false,
    "window_coverage_s": 5.003584,
    "window_throughput_fps": 38.172637853186835
  },
  "profile_path": "/Users/liyang/Developer/star-main/results/phase5-c2a-closeout/chibi-144k-scale-10000/20260906-200509/treatment/50pct-moving/profile.json",
  "start": {
    "accepted_moving_units": 5000,
    "achieved_density": 0.5,
    "batch_id": 1,
    "duration_seconds": 20.0,
    "execution_density": 0.5,
    "gc_policy": {
      "activation_serial": 1,
      "active": true,
      "automatic_gc_enabled": false,
      "deadline_remaining_seconds": 19.999998,
      "full_collect_collected": 0,
      "full_collect_ms": 32.702083,
      "gc_count": [
        1,
        0,
        0
      ],
      "last_restore_reason": "",
      "mode": "realtime_defer",
      "original_automatic_gc_enabled": true
    },
    "motion_phase": "staggered",
    "normal_move_resources_and_stats": false,
    "ok": true,
    "pathfinding_during_execution": false,
    "phase": "started",
    "phase_progress_p50": 0.504,
    "phase_progress_p95": 0.9503,
    "phase_seed": 42,
    "production_animation_and_commits": true,
    "rejected_units": 0,
    "rejection_reasons": {},
    "requested_moving_units": 5000,
    "resident_units": 10000
  },
  "status": {
    "active_moving_units": 5000,
    "actual_density": 0.5,
    "configured_moving_units": 5000,
    "execution_density": 0.5,
    "gc_policy": {
      "activation_serial": 1,
      "active": true,
      "automatic_gc_enabled": false,
      "deadline_remaining_seconds": 12.938753,
      "full_collect_collected": 0,
      "full_collect_ms": 32.702083,
      "gc_count": [
        28200,
        0,
        0
      ],
      "last_restore_reason": "",
      "mode": "realtime_defer",
      "original_automatic_gc_enabled": true
    },
    "living_units": 10000,
    "motion_phase": "staggered",
    "ok": true,
    "prepared": {
      "batch_id": 1,
      "failed_units": 0,
      "failure_reasons": {},
      "living_units": 10000,
      "preparation_success_ratio": 1.0,
      "prepared_units": 10000,
      "requested_units": 10000,
      "route_steps": 12,
      "seed": 42
    },
    "socket": "/tmp/star-phase5-c2a-49928-treatment-50.sock"
  },
  "workload": {
    "duration_seconds": 20.0,
    "execution_density": 0.5,
    "gc_policy": "realtime_defer",
    "phase": "staggered",
    "phase_seed": 42,
    "route_steps": 12,
    "sample_after_seconds": 7.0,
    "seed": 42,
    "warmup_seconds": 5.0
  }
}
