{
  "guards": {
    "active_matches_start": true,
    "controlled_work_present": true,
    "density_matches": true,
    "fog_fixed_on": true,
    "gc_automatic_disabled_during_defer": true,
    "gc_defer_active_during_window": true,
    "gc_policy_metadata_matches": true,
    "gc_policy_profile_matches": true,
    "gc_policy_start_matches": true,
    "input_policy_fixed": true,
    "no_key_input": true,
    "no_mouse_button_input": true,
    "no_mouse_wheel_input": true,
    "no_pathfinding_during_execution": true,
    "position_commits_present": true,
    "production_animation_path": true,
    "profile_configured_movers_match": true,
    "profile_density_matches": true,
    "profile_phase_matches": true,
    "resident_matches_prepare": true,
    "rolling_window_full": true,
    "vision_dirty_present": true,
    "window_not_capacity_limited": true,
    "zero_density_no_position_commits": true,
    "zero_density_no_vision_dirty": true
  },
  "ok": true,
  "prepare": {
    "batch_id": 1,
    "failed_units": 0,
    "failure_reasons": {},
    "living_units": 10000,
    "ok": true,
    "phase": "prepared",
    "preparation_success_ratio": 1.0,
    "prepared_units": 10000,
    "requested_units": 10000,
    "route_steps": 12,
    "seed": 42
  },
  "profile": {
    "controlled_work_frame_ms": {
      "avg": 35.96854673880597,
      "max": 41.43375,
      "p50": 35.7930205,
      "p95": 37.85579435,
      "p99": 39.09742874999999
    },
    "frame_body_fps": 26.703908873282433,
    "frame_metrics": {
      "effect_position_index_changes": {
        "avg": 750.0970149253732,
        "kind": "numeric",
        "last": 795,
        "max": 901.0,
        "min": 652.0,
        "missing_samples": 0,
        "observed_samples": 134,
        "p50": 750.0,
        "p95": 819.35,
        "p99": 835.3899999999998
      },
      "fog_enabled": {
        "avg": 1.0,
        "kind": "numeric",
        "last": 1,
        "max": 1.0,
        "min": 1.0,
        "missing_samples": 0,
        "observed_samples": 134,
        "p50": 1.0,
        "p95": 1.0,
        "p99": 1.0
      },
      "input_key_down": {
        "avg": 0.0,
        "kind": "numeric",
        "last": 0,
        "max": 0.0,
        "min": 0.0,
        "missing_samples": 0,
        "observed_samples": 134,
        "p50": 0.0,
        "p95": 0.0,
        "p99": 0.0
      },
      "input_mouse_button": {
        "avg": 0.0,
        "kind": "numeric",
        "last": 0,
        "max": 0.0,
        "min": 0.0,
        "missing_samples": 0,
        "observed_samples": 134,
        "p50": 0.0,
        "p95": 0.0,
        "p99": 0.0
      },
      "input_mouse_wheel": {
        "avg": 0.0,
        "kind": "numeric",
        "last": 0,
        "max": 0.0,
        "min": 0.0,
        "missing_samples": 0,
        "observed_samples": 134,
        "p50": 0.0,
        "p95": 0.0,
        "p99": 0.0
      },
      "scale_configured_moving_units": {
        "avg": 10000.0,
        "kind": "numeric",
        "last": 10000,
        "max": 10000.0,
        "min": 10000.0,
        "missing_samples": 0,
        "observed_samples": 134,
        "p50": 10000.0,
        "p95": 10000.0,
        "p99": 10000.0
      },
      "scale_execution_density": {
        "avg": 1.0,
        "kind": "numeric",
        "last": 1.0,
        "max": 1.0,
        "min": 1.0,
        "missing_samples": 0,
        "observed_samples": 134,
        "p50": 1.0,
        "p95": 1.0,
        "p99": 1.0
      },
      "scale_gc_automatic_enabled": {
        "avg": 0.0,
        "kind": "numeric",
        "last": 0,
        "max": 0.0,
        "min": 0.0,
        "missing_samples": 0,
        "observed_samples": 134,
        "p50": 0.0,
        "p95": 0.0,
        "p99": 0.0
      },
      "scale_gc_defer_active": {
        "avg": 1.0,
        "kind": "numeric",
        "last": 1,
        "max": 1.0,
        "min": 1.0,
        "missing_samples": 0,
        "observed_samples": 134,
        "p50": 1.0,
        "p95": 1.0,
        "p99": 1.0
      },
      "scale_gc_policy": {
        "kind": "categorical",
        "last": "realtime_defer",
        "missing_samples": 0,
        "observed_samples": 134,
        "values": [
          "realtime_defer"
        ]
      },
      "scale_motion_phase": {
        "kind": "categorical",
        "last": "staggered",
        "missing_samples": 0,
        "observed_samples": 134,
        "values": [
          "staggered"
        ]
      },
      "vision_dirty_units": {
        "avg": 750.6940298507462,
        "kind": "numeric",
        "last": 820,
        "max": 901.0,
        "min": 652.0,
        "missing_samples": 0,
        "observed_samples": 134,
        "p50": 751.0,
        "p95": 820.0,
        "p99": 835.3899999999998
      },
      "vision_fog_delta_tiles": {
        "avg": 58.54477611940298,
        "kind": "numeric",
        "last": 70,
        "max": 87.0,
        "min": 29.0,
        "missing_samples": 0,
        "observed_samples": 134,
        "p50": 58.5,
        "p95": 77.0,
        "p99": 83.66999999999999
      },
      "vision_units_scanned": {
        "avg": 750.6940298507462,
        "kind": "numeric",
        "last": 820,
        "max": 901.0,
        "min": 652.0,
        "missing_samples": 0,
        "observed_samples": 134,
        "p50": 751.0,
        "p95": 820.0,
        "p99": 835.3899999999998
      }
    },
    "frame_ms": {
      "avg": 37.447701186567166,
      "max": 43.051792,
      "p95": 39.3154671,
      "p99": 40.57524249999999
    },
    "metadata": {
      "benchmark_uncapped": true,
      "clock_mode": "uncapped_wall_clock",
      "display": "window",
      "fps_cap": "uncapped",
      "headless": false,
      "initial_units": 10000,
      "map_id": "chibi 144k-scale-10000",
      "map_size": "120x120",
      "map_tiles": 14400,
      "minimap_unit_layer_enabled": false,
      "minimap_unit_layer_override": "off",
      "minimap_unit_refresh_hz": 15.0,
      "mock_ai": false,
      "mode": "real_time",
      "players": "shu:ai,wei:human,wu:ai",
      "scale_accepted_moving_units": 10000,
      "scale_achieved_density": 1.0,
      "scale_duration_seconds": 20.0,
      "scale_execution_density": 1.0,
      "scale_execution_mode": "sustained_production_animation",
      "scale_gc_full_collect_collected": 0,
      "scale_gc_full_collect_ms": 38.346042,
      "scale_gc_policy": "realtime_defer",
      "scale_harness": true,
      "scale_harness_socket": "/tmp/star-phase5-c1-43918-control-100.sock",
      "scale_harness_version": "production-v2",
      "scale_input_policy": "blocked_gameplay_events",
      "scale_motion_phase": "staggered",
      "scale_phase_seed": 42,
      "scale_prepared_units": 10000,
      "scale_resident_units": 10000,
      "scale_route_seed": 42,
      "scale_route_steps": 12,
      "scenario": "chibi-144k-scale-10000",
      "text_input": false,
      "window": "2480x1265"
    },
    "platform_input_frame_ms": {
      "avg": 0.0486825223880597,
      "max": 0.124125,
      "p50": 0.0441045,
      "p95": 0.07877904999999995,
      "p99": 0.10876374999999994
    },
    "present_frame_ms": {
      "avg": 1.4048426865671642,
      "max": 1.595584,
      "p50": 1.391521,
      "p95": 1.51511875,
      "p99": 1.5827863299999998
    },
    "sample_count": 134,
    "sections": {
      "AnimationSystem": {
        "category": "work",
        "frame_share_pct": 21.21341264987069,
        "inclusive_ms": 7.943935380597015,
        "max_inclusive_ms": 8.615917,
        "max_self_ms": 8.615917,
        "p95_inclusive_ms": 8.40827905,
        "p95_self_ms": 8.40827905,
        "p99_inclusive_ms": 8.538107919999998,
        "p99_self_ms": 8.538107919999998,
        "samples": 134,
        "self_ms": 7.943935380597015
      },
      "MiniMapSystem": {
        "category": "work",
        "frame_share_pct": 0.14328197531493891,
        "inclusive_ms": 0.05365580597014925,
        "max_inclusive_ms": 0.077584,
        "max_self_ms": 0.077584,
        "p95_inclusive_ms": 0.05991654999999998,
        "p95_self_ms": 0.05991654999999998,
        "p99_inclusive_ms": 0.07075424999999998,
        "p99_self_ms": 0.07075424999999998,
        "samples": 134,
        "self_ms": 0.05365580597014925
      },
      "UnitRenderSystem": {
        "category": "work",
        "frame_share_pct": 21.01332494383138,
        "inclusive_ms": 10.345281708955225,
        "max_inclusive_ms": 11.564916,
        "max_self_ms": 8.806208,
        "p95_inclusive_ms": 11.1346523,
        "p95_self_ms": 8.60109825,
        "p99_inclusive_ms": 11.25204136,
        "p99_self_ms": 8.73245158,
        "samples": 134,
        "self_ms": 7.869007134328358
      },
      "VisionSystem": {
        "category": "work",
        "frame_share_pct": 14.851235396329972,
        "inclusive_ms": 5.629120694029851,
        "max_inclusive_ms": 10.303416,
        "max_self_ms": 6.9595,
        "p95_inclusive_ms": 6.1835567,
        "p95_self_ms": 6.14933575,
        "p99_inclusive_ms": 8.914783779999965,
        "p99_self_ms": 6.294771279999999,
        "samples": 134,
        "self_ms": 5.561446253731343
      },
      "render_engine": {
        "category": "render",
        "frame_share_pct": 0.2765333446800766,
        "inclusive_ms": 3.767038582089552,
        "max_inclusive_ms": 4.010916,
        "max_self_ms": 0.148917,
        "p95_inclusive_ms": 3.9436125,
        "p95_self_ms": 0.11836544999999998,
        "p99_inclusive_ms": 3.9868036399999998,
        "p99_self_ms": 0.13177685999999994,
        "samples": 134,
        "self_ms": 0.10355538059701493
      },
      "render_scalar_execute": {
        "category": "render",
        "frame_share_pct": 5.6641573426642475,
        "inclusive_ms": 2.1210967164179104,
        "max_inclusive_ms": 2.264585,
        "max_self_ms": 2.264585,
        "p95_inclusive_ms": 2.19408785,
        "p95_self_ms": 2.19408785,
        "p99_inclusive_ms": 2.2420312999999994,
        "p99_self_ms": 2.2420312999999994,
        "samples": 134,
        "self_ms": 2.1210967164179104
      }
    },
    "uninstrumented_frame_ms": {
      "avg": 0.014117425373134328,
      "max": 0.021958,
      "p50": 0.013875499999999999,
      "p95": 0.016670499999999998,
      "p99": 0.019097109999999994
    },
    "window_capacity_limited": false,
    "window_coverage_s": 5.031211875,
    "window_throughput_fps": 26.633742193574385
  },
  "profile_path": "/Users/liyang/Developer/star-main/results/phase5-c1-closeout/chibi-144k-scale-10000/20260906-183456/control/100pct-moving/profile.json",
  "start": {
    "accepted_moving_units": 10000,
    "achieved_density": 1.0,
    "batch_id": 1,
    "duration_seconds": 20.0,
    "execution_density": 1.0,
    "gc_policy": {
      "activation_serial": 1,
      "active": true,
      "automatic_gc_enabled": false,
      "deadline_remaining_seconds": 19.999998,
      "full_collect_collected": 0,
      "full_collect_ms": 38.346042,
      "gc_count": [
        1,
        0,
        0
      ],
      "last_restore_reason": "",
      "mode": "realtime_defer",
      "original_automatic_gc_enabled": true
    },
    "motion_phase": "staggered",
    "normal_move_resources_and_stats": false,
    "ok": true,
    "pathfinding_during_execution": false,
    "phase": "started",
    "phase_progress_p50": 0.5006,
    "phase_progress_p95": 0.951,
    "phase_seed": 42,
    "production_animation_and_commits": true,
    "rejected_units": 0,
    "rejection_reasons": {},
    "requested_moving_units": 10000,
    "resident_units": 10000
  },
  "status": {
    "active_moving_units": 10000,
    "actual_density": 1.0,
    "configured_moving_units": 10000,
    "execution_density": 1.0,
    "gc_policy": {
      "activation_serial": 1,
      "active": true,
      "automatic_gc_enabled": false,
      "deadline_remaining_seconds": 12.928272,
      "full_collect_collected": 0,
      "full_collect_ms": 38.346042,
      "gc_count": [
        32779,
        0,
        0
      ],
      "last_restore_reason": "",
      "mode": "realtime_defer",
      "original_automatic_gc_enabled": true
    },
    "living_units": 10000,
    "motion_phase": "staggered",
    "ok": true,
    "prepared": {
      "batch_id": 1,
      "failed_units": 0,
      "failure_reasons": {},
      "living_units": 10000,
      "preparation_success_ratio": 1.0,
      "prepared_units": 10000,
      "requested_units": 10000,
      "route_steps": 12,
      "seed": 42
    },
    "socket": "/tmp/star-phase5-c1-43918-control-100.sock"
  },
  "workload": {
    "duration_seconds": 20.0,
    "execution_density": 1.0,
    "gc_policy": "realtime_defer",
    "phase": "staggered",
    "phase_seed": 42,
    "route_steps": 12,
    "sample_after_seconds": 7.0,
    "seed": 42,
    "warmup_seconds": 5.0
  }
}
