{
  "guards": {
    "active_matches_start": true,
    "controlled_work_present": true,
    "density_matches": true,
    "fog_fixed_on": true,
    "gc_automatic_disabled_during_defer": true,
    "gc_defer_active_during_window": true,
    "gc_policy_metadata_matches": true,
    "gc_policy_profile_matches": true,
    "gc_policy_start_matches": true,
    "input_policy_fixed": true,
    "no_key_input": true,
    "no_mouse_button_input": true,
    "no_mouse_wheel_input": true,
    "no_pathfinding_during_execution": true,
    "position_commits_present": true,
    "production_animation_path": true,
    "profile_configured_movers_match": true,
    "profile_density_matches": true,
    "profile_phase_matches": true,
    "resident_matches_prepare": true,
    "rolling_window_full": true,
    "vision_dirty_present": true,
    "window_not_capacity_limited": true,
    "zero_density_no_position_commits": true,
    "zero_density_no_vision_dirty": true
  },
  "ok": true,
  "prepare": {
    "batch_id": 1,
    "failed_units": 0,
    "failure_reasons": {},
    "living_units": 10000,
    "ok": true,
    "phase": "prepared",
    "preparation_success_ratio": 1.0,
    "prepared_units": 10000,
    "requested_units": 10000,
    "route_steps": 12,
    "seed": 42
  },
  "profile": {
    "controlled_work_frame_ms": {
      "avg": 35.18513730147059,
      "max": 48.437417,
      "p50": 35.243209,
      "p95": 36.88723025,
      "p99": 41.804549850000015
    },
    "frame_body_fps": 27.257442574346673,
    "frame_metrics": {
      "effect_position_index_changes": {
        "avg": 734.9044117647059,
        "kind": "numeric",
        "last": 791,
        "max": 954.0,
        "min": 624.0,
        "missing_samples": 0,
        "observed_samples": 136,
        "p50": 734.5,
        "p95": 809.75,
        "p99": 887.8500000000004
      },
      "fog_enabled": {
        "avg": 1.0,
        "kind": "numeric",
        "last": 1,
        "max": 1.0,
        "min": 1.0,
        "missing_samples": 0,
        "observed_samples": 136,
        "p50": 1.0,
        "p95": 1.0,
        "p99": 1.0
      },
      "input_key_down": {
        "avg": 0.0,
        "kind": "numeric",
        "last": 0,
        "max": 0.0,
        "min": 0.0,
        "missing_samples": 0,
        "observed_samples": 136,
        "p50": 0.0,
        "p95": 0.0,
        "p99": 0.0
      },
      "input_mouse_button": {
        "avg": 0.0,
        "kind": "numeric",
        "last": 0,
        "max": 0.0,
        "min": 0.0,
        "missing_samples": 0,
        "observed_samples": 136,
        "p50": 0.0,
        "p95": 0.0,
        "p99": 0.0
      },
      "input_mouse_wheel": {
        "avg": 0.0,
        "kind": "numeric",
        "last": 0,
        "max": 0.0,
        "min": 0.0,
        "missing_samples": 0,
        "observed_samples": 136,
        "p50": 0.0,
        "p95": 0.0,
        "p99": 0.0
      },
      "scale_configured_moving_units": {
        "avg": 10000.0,
        "kind": "numeric",
        "last": 10000,
        "max": 10000.0,
        "min": 10000.0,
        "missing_samples": 0,
        "observed_samples": 136,
        "p50": 10000.0,
        "p95": 10000.0,
        "p99": 10000.0
      },
      "scale_execution_density": {
        "avg": 1.0,
        "kind": "numeric",
        "last": 1.0,
        "max": 1.0,
        "min": 1.0,
        "missing_samples": 0,
        "observed_samples": 136,
        "p50": 1.0,
        "p95": 1.0,
        "p99": 1.0
      },
      "scale_gc_automatic_enabled": {
        "avg": 0.0,
        "kind": "numeric",
        "last": 0,
        "max": 0.0,
        "min": 0.0,
        "missing_samples": 0,
        "observed_samples": 136,
        "p50": 0.0,
        "p95": 0.0,
        "p99": 0.0
      },
      "scale_gc_defer_active": {
        "avg": 1.0,
        "kind": "numeric",
        "last": 1,
        "max": 1.0,
        "min": 1.0,
        "missing_samples": 0,
        "observed_samples": 136,
        "p50": 1.0,
        "p95": 1.0,
        "p99": 1.0
      },
      "scale_gc_policy": {
        "kind": "categorical",
        "last": "realtime_defer",
        "missing_samples": 0,
        "observed_samples": 136,
        "values": [
          "realtime_defer"
        ]
      },
      "scale_motion_phase": {
        "kind": "categorical",
        "last": "staggered",
        "missing_samples": 0,
        "observed_samples": 136,
        "values": [
          "staggered"
        ]
      },
      "vision_dirty_units": {
        "avg": 735.2205882352941,
        "kind": "numeric",
        "last": 747,
        "max": 954.0,
        "min": 624.0,
        "missing_samples": 0,
        "observed_samples": 136,
        "p50": 735.5,
        "p95": 809.75,
        "p99": 887.8500000000004
      },
      "vision_fog_delta_tiles": {
        "avg": 57.455882352941174,
        "kind": "numeric",
        "last": 47,
        "max": 92.0,
        "min": 30.0,
        "missing_samples": 0,
        "observed_samples": 136,
        "p50": 57.0,
        "p95": 78.0,
        "p99": 89.0
      },
      "vision_units_scanned": {
        "avg": 735.2205882352941,
        "kind": "numeric",
        "last": 747,
        "max": 954.0,
        "min": 624.0,
        "missing_samples": 0,
        "observed_samples": 136,
        "p50": 735.5,
        "p95": 809.75,
        "p99": 887.8500000000004
      }
    },
    "frame_ms": {
      "avg": 36.68722761764706,
      "max": 50.2745,
      "p95": 38.348749999999995,
      "p99": 43.328992100000015
    },
    "metadata": {
      "benchmark_uncapped": true,
      "clock_mode": "uncapped_wall_clock",
      "display": "window",
      "fps_cap": "uncapped",
      "headless": false,
      "initial_units": 10000,
      "map_id": "chibi 144k-scale-10000",
      "map_size": "120x120",
      "map_tiles": 14400,
      "minimap_unit_layer_enabled": false,
      "minimap_unit_layer_override": "off",
      "minimap_unit_refresh_hz": 15.0,
      "mock_ai": false,
      "mode": "real_time",
      "players": "shu:ai,wei:human,wu:ai",
      "scale_accepted_moving_units": 10000,
      "scale_achieved_density": 1.0,
      "scale_duration_seconds": 20.0,
      "scale_execution_density": 1.0,
      "scale_execution_mode": "sustained_production_animation",
      "scale_gc_full_collect_collected": 0,
      "scale_gc_full_collect_ms": 38.034583,
      "scale_gc_policy": "realtime_defer",
      "scale_harness": true,
      "scale_harness_socket": "/tmp/star-phase5-c1-43918-treatment-100.sock",
      "scale_harness_version": "production-v2",
      "scale_input_policy": "blocked_gameplay_events",
      "scale_motion_phase": "staggered",
      "scale_phase_seed": 42,
      "scale_prepared_units": 10000,
      "scale_resident_units": 10000,
      "scale_route_seed": 42,
      "scale_route_steps": 12,
      "scenario": "chibi-144k-scale-10000",
      "text_input": false,
      "window": "2480x1265"
    },
    "platform_input_frame_ms": {
      "avg": 0.048260066176470585,
      "max": 0.125292,
      "p50": 0.044438,
      "p95": 0.07916675000000001,
      "p99": 0.10870055
    },
    "present_frame_ms": {
      "avg": 1.4291105735294118,
      "max": 1.740541,
      "p50": 1.4192085,
      "p95": 1.51125,
      "p99": 1.6131414500000005
    },
    "sample_count": 136,
    "sections": {
      "AnimationSystem": {
        "category": "work",
        "frame_share_pct": 21.638522091875416,
        "inclusive_ms": 7.938573852941177,
        "max_inclusive_ms": 14.780792,
        "max_self_ms": 14.780792,
        "p95_inclusive_ms": 8.405948500000001,
        "p95_self_ms": 8.405948500000001,
        "p99_inclusive_ms": 8.916072900000001,
        "p99_self_ms": 8.916072900000001,
        "samples": 136,
        "self_ms": 7.938573852941177
      },
      "MiniMapSystem": {
        "category": "work",
        "frame_share_pct": 0.14675425120041716,
        "inclusive_ms": 0.05384006617647059,
        "max_inclusive_ms": 0.072375,
        "max_self_ms": 0.072375,
        "p95_inclusive_ms": 0.05966625,
        "p95_self_ms": 0.05966625,
        "p99_inclusive_ms": 0.06942665000000003,
        "p99_self_ms": 0.06942665000000003,
        "samples": 136,
        "self_ms": 0.05384006617647059
      },
      "UnitRenderSystem": {
        "category": "work",
        "frame_share_pct": 21.68276288531282,
        "inclusive_ms": 10.425737485294118,
        "max_inclusive_ms": 13.499084,
        "max_self_ms": 8.825583,
        "p95_inclusive_ms": 11.152906,
        "p95_self_ms": 8.7167805,
        "p99_inclusive_ms": 11.852519300000004,
        "p99_self_ms": 8.817700349999999,
        "samples": 136,
        "self_ms": 7.954804573529411
      },
      "VisionSystem": {
        "category": "work",
        "frame_share_pct": 12.78729644104807,
        "inclusive_ms": 4.759813125,
        "max_inclusive_ms": 9.148875,
        "max_self_ms": 6.943542,
        "p95_inclusive_ms": 5.33632275,
        "p95_self_ms": 5.250896,
        "p99_inclusive_ms": 8.376467000000012,
        "p99_self_ms": 6.072993750000002,
        "samples": 136,
        "self_ms": 4.691304551470588
      },
      "render_engine": {
        "category": "render",
        "frame_share_pct": 0.2917274289509726,
        "inclusive_ms": 3.772858757352941,
        "max_inclusive_ms": 4.030375,
        "max_self_ms": 0.161125,
        "p95_inclusive_ms": 3.95424,
        "p95_self_ms": 0.14622999999999997,
        "p99_inclusive_ms": 4.02036415,
        "p99_self_ms": 0.15454395,
        "samples": 136,
        "self_ms": 0.10702670588235294
      },
      "render_scalar_execute": {
        "category": "render",
        "frame_share_pct": 5.7597187419623355,
        "inclusive_ms": 2.113081125,
        "max_inclusive_ms": 2.274915,
        "max_self_ms": 2.274915,
        "p95_inclusive_ms": 2.1836365,
        "p95_self_ms": 2.1836365,
        "p99_inclusive_ms": 2.21678115,
        "p99_self_ms": 2.21678115,
        "samples": 136,
        "self_ms": 2.113081125
      }
    },
    "uninstrumented_frame_ms": {
      "avg": 0.013192095588235295,
      "max": 0.020794,
      "p50": 0.012917999999999999,
      "p95": 0.01566625,
      "p99": 0.01880725000000001
    },
    "window_capacity_limited": false,
    "window_coverage_s": 5.002916333,
    "window_throughput_fps": 27.18414439652393
  },
  "profile_path": "/Users/liyang/Developer/star-main/results/phase5-c1-closeout/chibi-144k-scale-10000/20260906-183456/treatment/100pct-moving/profile.json",
  "start": {
    "accepted_moving_units": 10000,
    "achieved_density": 1.0,
    "batch_id": 1,
    "duration_seconds": 20.0,
    "execution_density": 1.0,
    "gc_policy": {
      "activation_serial": 1,
      "active": true,
      "automatic_gc_enabled": false,
      "deadline_remaining_seconds": 19.999998,
      "full_collect_collected": 0,
      "full_collect_ms": 38.034583,
      "gc_count": [
        1,
        0,
        0
      ],
      "last_restore_reason": "",
      "mode": "realtime_defer",
      "original_automatic_gc_enabled": true
    },
    "motion_phase": "staggered",
    "normal_move_resources_and_stats": false,
    "ok": true,
    "pathfinding_during_execution": false,
    "phase": "started",
    "phase_progress_p50": 0.5006,
    "phase_progress_p95": 0.951,
    "phase_seed": 42,
    "production_animation_and_commits": true,
    "rejected_units": 0,
    "rejection_reasons": {},
    "requested_moving_units": 10000,
    "resident_units": 10000
  },
  "status": {
    "active_moving_units": 10000,
    "actual_density": 1.0,
    "configured_moving_units": 10000,
    "execution_density": 1.0,
    "gc_policy": {
      "activation_serial": 1,
      "active": true,
      "automatic_gc_enabled": false,
      "deadline_remaining_seconds": 12.906586,
      "full_collect_collected": 0,
      "full_collect_ms": 38.034583,
      "gc_count": [
        32758,
        0,
        0
      ],
      "last_restore_reason": "",
      "mode": "realtime_defer",
      "original_automatic_gc_enabled": true
    },
    "living_units": 10000,
    "motion_phase": "staggered",
    "ok": true,
    "prepared": {
      "batch_id": 1,
      "failed_units": 0,
      "failure_reasons": {},
      "living_units": 10000,
      "preparation_success_ratio": 1.0,
      "prepared_units": 10000,
      "requested_units": 10000,
      "route_steps": 12,
      "seed": 42
    },
    "socket": "/tmp/star-phase5-c1-43918-treatment-100.sock"
  },
  "workload": {
    "duration_seconds": 20.0,
    "execution_density": 1.0,
    "gc_policy": "realtime_defer",
    "phase": "staggered",
    "phase_seed": 42,
    "route_steps": 12,
    "sample_after_seconds": 7.0,
    "seed": 42,
    "warmup_seconds": 5.0
  }
}
