{
  "guards": {
    "active_matches_start": true,
    "controlled_work_present": true,
    "density_matches": true,
    "fog_fixed_on": true,
    "gc_automatic_disabled_during_defer": true,
    "gc_defer_active_during_window": true,
    "gc_policy_metadata_matches": true,
    "gc_policy_profile_matches": true,
    "gc_policy_start_matches": true,
    "input_policy_fixed": true,
    "no_key_input": true,
    "no_mouse_button_input": true,
    "no_mouse_wheel_input": true,
    "no_pathfinding_during_execution": true,
    "position_commits_present": true,
    "production_animation_path": true,
    "profile_configured_movers_match": true,
    "profile_density_matches": true,
    "profile_phase_matches": true,
    "resident_matches_prepare": true,
    "rolling_window_full": true,
    "vision_dirty_present": true,
    "window_not_capacity_limited": true,
    "zero_density_no_position_commits": true,
    "zero_density_no_vision_dirty": true
  },
  "ok": true,
  "prepare": {
    "batch_id": 1,
    "failed_units": 0,
    "failure_reasons": {},
    "living_units": 10000,
    "ok": true,
    "phase": "prepared",
    "preparation_success_ratio": 1.0,
    "prepared_units": 10000,
    "requested_units": 10000,
    "route_steps": 12,
    "seed": 42
  },
  "profile": {
    "controlled_work_frame_ms": {
      "avg": 16.66969518115942,
      "max": 25.883416,
      "p50": 16.521521,
      "p95": 17.229103000000002,
      "p99": 20.54637375
    },
    "frame_body_fps": 55.28992870412373,
    "frame_metrics": {
      "effect_position_index_changes": {
        "avg": 0.0,
        "kind": "numeric",
        "last": 0,
        "max": 0.0,
        "min": 0.0,
        "missing_samples": 0,
        "observed_samples": 276,
        "p50": 0.0,
        "p95": 0.0,
        "p99": 0.0
      },
      "fog_enabled": {
        "avg": 1.0,
        "kind": "numeric",
        "last": 1,
        "max": 1.0,
        "min": 1.0,
        "missing_samples": 0,
        "observed_samples": 276,
        "p50": 1.0,
        "p95": 1.0,
        "p99": 1.0
      },
      "input_key_down": {
        "avg": 0.0,
        "kind": "numeric",
        "last": 0,
        "max": 0.0,
        "min": 0.0,
        "missing_samples": 0,
        "observed_samples": 276,
        "p50": 0.0,
        "p95": 0.0,
        "p99": 0.0
      },
      "input_mouse_button": {
        "avg": 0.0,
        "kind": "numeric",
        "last": 0,
        "max": 0.0,
        "min": 0.0,
        "missing_samples": 0,
        "observed_samples": 276,
        "p50": 0.0,
        "p95": 0.0,
        "p99": 0.0
      },
      "input_mouse_wheel": {
        "avg": 0.0,
        "kind": "numeric",
        "last": 0,
        "max": 0.0,
        "min": 0.0,
        "missing_samples": 0,
        "observed_samples": 276,
        "p50": 0.0,
        "p95": 0.0,
        "p99": 0.0
      },
      "scale_configured_moving_units": {
        "avg": 0.0,
        "kind": "numeric",
        "last": 0,
        "max": 0.0,
        "min": 0.0,
        "missing_samples": 0,
        "observed_samples": 276,
        "p50": 0.0,
        "p95": 0.0,
        "p99": 0.0
      },
      "scale_execution_density": {
        "avg": 0.0,
        "kind": "numeric",
        "last": 0.0,
        "max": 0.0,
        "min": 0.0,
        "missing_samples": 0,
        "observed_samples": 276,
        "p50": 0.0,
        "p95": 0.0,
        "p99": 0.0
      },
      "scale_gc_automatic_enabled": {
        "avg": 0.0,
        "kind": "numeric",
        "last": 0,
        "max": 0.0,
        "min": 0.0,
        "missing_samples": 0,
        "observed_samples": 276,
        "p50": 0.0,
        "p95": 0.0,
        "p99": 0.0
      },
      "scale_gc_defer_active": {
        "avg": 1.0,
        "kind": "numeric",
        "last": 1,
        "max": 1.0,
        "min": 1.0,
        "missing_samples": 0,
        "observed_samples": 276,
        "p50": 1.0,
        "p95": 1.0,
        "p99": 1.0
      },
      "scale_gc_policy": {
        "kind": "categorical",
        "last": "realtime_defer",
        "missing_samples": 0,
        "observed_samples": 276,
        "values": [
          "realtime_defer"
        ]
      },
      "scale_motion_phase": {
        "kind": "categorical",
        "last": "staggered",
        "missing_samples": 0,
        "observed_samples": 276,
        "values": [
          "staggered"
        ]
      },
      "vision_dirty_units": {
        "avg": 0.0,
        "kind": "numeric",
        "last": 0,
        "max": 0.0,
        "min": 0.0,
        "missing_samples": 0,
        "observed_samples": 276,
        "p50": 0.0,
        "p95": 0.0,
        "p99": 0.0
      },
      "vision_fog_delta_tiles": {
        "avg": 0.0,
        "kind": "numeric",
        "last": 0,
        "max": 0.0,
        "min": 0.0,
        "missing_samples": 0,
        "observed_samples": 276,
        "p50": 0.0,
        "p95": 0.0,
        "p99": 0.0
      },
      "vision_units_scanned": {
        "avg": 0.0,
        "kind": "numeric",
        "last": 0,
        "max": 0.0,
        "min": 0.0,
        "missing_samples": 0,
        "observed_samples": 276,
        "p50": 0.0,
        "p95": 0.0,
        "p99": 0.0
      }
    },
    "frame_ms": {
      "avg": 18.086476568840578,
      "max": 27.41025,
      "p95": 18.65122875,
      "p99": 21.90135375
    },
    "metadata": {
      "benchmark_uncapped": true,
      "clock_mode": "uncapped_wall_clock",
      "display": "window",
      "fps_cap": "uncapped",
      "headless": false,
      "initial_units": 10000,
      "map_id": "chibi 144k-scale-10000",
      "map_size": "120x120",
      "map_tiles": 14400,
      "minimap_unit_layer_enabled": false,
      "minimap_unit_layer_override": "off",
      "minimap_unit_refresh_hz": 15.0,
      "mock_ai": false,
      "mode": "real_time",
      "players": "shu:ai,wei:human,wu:ai",
      "scale_accepted_moving_units": 0,
      "scale_achieved_density": 0.0,
      "scale_duration_seconds": 20.0,
      "scale_execution_density": 0.0,
      "scale_execution_mode": "sustained_production_animation",
      "scale_gc_full_collect_collected": 0,
      "scale_gc_full_collect_ms": 31.93775,
      "scale_gc_policy": "realtime_defer",
      "scale_harness": true,
      "scale_harness_socket": "/tmp/star-10k-79035-00pct-moving.sock",
      "scale_harness_version": "production-v2",
      "scale_input_policy": "blocked_gameplay_events",
      "scale_motion_phase": "staggered",
      "scale_phase_seed": 42,
      "scale_prepared_units": 10000,
      "scale_resident_units": 10000,
      "scale_route_seed": 42,
      "scale_route_steps": 12,
      "scenario": "chibi-144k-scale-10000",
      "text_input": false,
      "window": "2480x1265"
    },
    "platform_input_frame_ms": {
      "avg": 0.030120724637681163,
      "max": 0.076,
      "p50": 0.030625,
      "p95": 0.045479,
      "p99": 0.06522875
    },
    "present_frame_ms": {
      "avg": 1.3689672536231885,
      "max": 1.637,
      "p50": 1.3634165,
      "p95": 1.46020825,
      "p99": 1.50922925
    },
    "sample_count": 276,
    "sections": {
      "AnimationSystem": {
        "category": "work",
        "frame_share_pct": 0.0736021333841753,
        "inclusive_ms": 0.013312032608695653,
        "max_inclusive_ms": 0.019,
        "max_self_ms": 0.019,
        "p95_inclusive_ms": 0.014833250000000001,
        "p95_self_ms": 0.014833250000000001,
        "p99_inclusive_ms": 0.0169685,
        "p99_self_ms": 0.0169685,
        "samples": 276,
        "self_ms": 0.013312032608695653
      },
      "MiniMapSystem": {
        "category": "work",
        "frame_share_pct": 0.2567952357561088,
        "inclusive_ms": 0.046445210144927536,
        "max_inclusive_ms": 0.054875,
        "max_self_ms": 0.054875,
        "p95_inclusive_ms": 0.05042725,
        "p95_self_ms": 0.05042725,
        "p99_inclusive_ms": 0.052885249999999995,
        "p99_self_ms": 0.052885249999999995,
        "samples": 276,
        "self_ms": 0.046445210144927536
      },
      "UnitRenderSystem": {
        "category": "work",
        "frame_share_pct": 30.064343496272024,
        "inclusive_ms": 7.030907442028985,
        "max_inclusive_ms": 8.679084,
        "max_self_ms": 6.376166,
        "p95_inclusive_ms": 7.20365675,
        "p95_self_ms": 5.57451075,
        "p99_inclusive_ms": 7.693041750000001,
        "p99_self_ms": 5.928073250000001,
        "samples": 276,
        "self_ms": 5.4375804420289855
      },
      "VisionSystem": {
        "category": "work",
        "frame_share_pct": 0.03248439565513607,
        "inclusive_ms": 0.07869910507246376,
        "max_inclusive_ms": 4.122125,
        "max_self_ms": 0.008625,
        "p95_inclusive_ms": 0.007042,
        "p95_self_ms": 0.007042,
        "p99_inclusive_ms": 4.011666,
        "p99_self_ms": 0.0079265,
        "samples": 276,
        "self_ms": 0.005875282608695652
      },
      "render_engine": {
        "category": "render",
        "frame_share_pct": 0.4907553503383401,
        "inclusive_ms": 3.3595238442028985,
        "max_inclusive_ms": 3.720291,
        "max_self_ms": 0.126458,
        "p95_inclusive_ms": 3.4468752499999997,
        "p95_self_ms": 0.11854175,
        "p99_inclusive_ms": 3.5317499999999997,
        "p99_self_ms": 0.12297949999999999,
        "samples": 276,
        "self_ms": 0.08876035144927537
      },
      "render_scalar_execute": {
        "category": "render",
        "frame_share_pct": 11.482521625639462,
        "inclusive_ms": 2.0767835833333335,
        "max_inclusive_ms": 2.243668,
        "max_self_ms": 2.243668,
        "p95_inclusive_ms": 2.122908,
        "p95_self_ms": 2.122908,
        "p99_inclusive_ms": 2.1832195000000003,
        "p99_self_ms": 2.1832195000000003,
        "samples": 276,
        "self_ms": 2.0767835833333335
      }
    },
    "uninstrumented_frame_ms": {
      "avg": 0.009276405797101449,
      "max": 0.014666,
      "p50": 0.0091245,
      "p95": 0.010895249999999999,
      "p99": 0.012739
    },
    "window_capacity_limited": false,
    "window_coverage_s": 5.014522125,
    "window_throughput_fps": 55.04014004126066
  },
  "profile_path": "/Users/liyang/Developer/star-main/results/phase5-10k-core/chibi-144k-scale-10000/20260906-041532/00pct-moving/profile.json",
  "start": {
    "accepted_moving_units": 0,
    "achieved_density": 0.0,
    "batch_id": 1,
    "duration_seconds": 20.0,
    "execution_density": 0.0,
    "gc_policy": {
      "activation_serial": 1,
      "active": true,
      "automatic_gc_enabled": false,
      "deadline_remaining_seconds": 19.999999,
      "full_collect_collected": 0,
      "full_collect_ms": 31.93775,
      "gc_count": [
        1,
        0,
        0
      ],
      "last_restore_reason": "",
      "mode": "realtime_defer",
      "original_automatic_gc_enabled": true
    },
    "motion_phase": "staggered",
    "normal_move_resources_and_stats": false,
    "ok": true,
    "pathfinding_during_execution": false,
    "phase": "started",
    "phase_progress_p50": 0.0,
    "phase_progress_p95": 0.0,
    "phase_seed": 42,
    "production_animation_and_commits": true,
    "rejected_units": 0,
    "rejection_reasons": {},
    "requested_moving_units": 0,
    "resident_units": 10000
  },
  "status": {
    "active_moving_units": 0,
    "actual_density": 0.0,
    "configured_moving_units": 0,
    "execution_density": 0.0,
    "gc_policy": {
      "activation_serial": 1,
      "active": true,
      "automatic_gc_enabled": false,
      "deadline_remaining_seconds": 12.946896,
      "full_collect_collected": 0,
      "full_collect_ms": 31.93775,
      "gc_count": [
        26369,
        0,
        0
      ],
      "last_restore_reason": "",
      "mode": "realtime_defer",
      "original_automatic_gc_enabled": true
    },
    "living_units": 10000,
    "motion_phase": "staggered",
    "ok": true,
    "prepared": {
      "batch_id": 1,
      "failed_units": 0,
      "failure_reasons": {},
      "living_units": 10000,
      "preparation_success_ratio": 1.0,
      "prepared_units": 10000,
      "requested_units": 10000,
      "route_steps": 12,
      "seed": 42
    },
    "socket": "/tmp/star-10k-79035-00pct-moving.sock"
  },
  "workload": {
    "duration_seconds": 20.0,
    "execution_density": 0.0,
    "gc_policy": "realtime_defer",
    "phase": "staggered",
    "phase_seed": 42,
    "route_steps": 12,
    "sample_after_seconds": 7.0,
    "seed": 42,
    "warmup_seconds": 5.0
  }
}
