{
  "guards": {
    "active_matches_start": true,
    "controlled_work_present": true,
    "density_matches": true,
    "fog_fixed_on": true,
    "gc_automatic_disabled_during_defer": true,
    "gc_defer_active_during_window": true,
    "gc_policy_metadata_matches": true,
    "gc_policy_profile_matches": true,
    "gc_policy_start_matches": true,
    "input_policy_fixed": true,
    "no_key_input": true,
    "no_mouse_button_input": true,
    "no_mouse_wheel_input": true,
    "no_pathfinding_during_execution": true,
    "position_commits_present": true,
    "production_animation_path": true,
    "profile_configured_movers_match": true,
    "profile_density_matches": true,
    "profile_phase_matches": true,
    "resident_matches_prepare": true,
    "rolling_window_full": true,
    "vision_dirty_present": true,
    "window_not_capacity_limited": true,
    "zero_density_no_position_commits": true,
    "zero_density_no_vision_dirty": true
  },
  "ok": true,
  "prepare": {
    "batch_id": 1,
    "failed_units": 0,
    "failure_reasons": {},
    "living_units": 10000,
    "ok": true,
    "phase": "prepared",
    "preparation_success_ratio": 1.0,
    "prepared_units": 10000,
    "requested_units": 10000,
    "route_steps": 12,
    "seed": 42
  },
  "profile": {
    "controlled_work_frame_ms": {
      "avg": 35.49968588148148,
      "max": 40.732915,
      "p50": 35.456542,
      "p95": 37.5184586,
      "p99": 40.409518219999995
    },
    "frame_body_fps": 27.051084848411094,
    "frame_metrics": {
      "effect_position_index_changes": {
        "avg": 741.0222222222222,
        "kind": "numeric",
        "last": 802,
        "max": 869.0,
        "min": 659.0,
        "missing_samples": 0,
        "observed_samples": 135,
        "p50": 738.0,
        "p95": 807.6999999999999,
        "p99": 834.64
      },
      "fog_enabled": {
        "avg": 1.0,
        "kind": "numeric",
        "last": 1,
        "max": 1.0,
        "min": 1.0,
        "missing_samples": 0,
        "observed_samples": 135,
        "p50": 1.0,
        "p95": 1.0,
        "p99": 1.0
      },
      "input_key_down": {
        "avg": 0.0,
        "kind": "numeric",
        "last": 0,
        "max": 0.0,
        "min": 0.0,
        "missing_samples": 0,
        "observed_samples": 135,
        "p50": 0.0,
        "p95": 0.0,
        "p99": 0.0
      },
      "input_mouse_button": {
        "avg": 0.0,
        "kind": "numeric",
        "last": 0,
        "max": 0.0,
        "min": 0.0,
        "missing_samples": 0,
        "observed_samples": 135,
        "p50": 0.0,
        "p95": 0.0,
        "p99": 0.0
      },
      "input_mouse_wheel": {
        "avg": 0.0,
        "kind": "numeric",
        "last": 0,
        "max": 0.0,
        "min": 0.0,
        "missing_samples": 0,
        "observed_samples": 135,
        "p50": 0.0,
        "p95": 0.0,
        "p99": 0.0
      },
      "scale_configured_moving_units": {
        "avg": 10000.0,
        "kind": "numeric",
        "last": 10000,
        "max": 10000.0,
        "min": 10000.0,
        "missing_samples": 0,
        "observed_samples": 135,
        "p50": 10000.0,
        "p95": 10000.0,
        "p99": 10000.0
      },
      "scale_execution_density": {
        "avg": 1.0,
        "kind": "numeric",
        "last": 1.0,
        "max": 1.0,
        "min": 1.0,
        "missing_samples": 0,
        "observed_samples": 135,
        "p50": 1.0,
        "p95": 1.0,
        "p99": 1.0
      },
      "scale_gc_automatic_enabled": {
        "avg": 0.0,
        "kind": "numeric",
        "last": 0,
        "max": 0.0,
        "min": 0.0,
        "missing_samples": 0,
        "observed_samples": 135,
        "p50": 0.0,
        "p95": 0.0,
        "p99": 0.0
      },
      "scale_gc_defer_active": {
        "avg": 1.0,
        "kind": "numeric",
        "last": 1,
        "max": 1.0,
        "min": 1.0,
        "missing_samples": 0,
        "observed_samples": 135,
        "p50": 1.0,
        "p95": 1.0,
        "p99": 1.0
      },
      "scale_gc_policy": {
        "kind": "categorical",
        "last": "realtime_defer",
        "missing_samples": 0,
        "observed_samples": 135,
        "values": [
          "realtime_defer"
        ]
      },
      "scale_motion_phase": {
        "kind": "categorical",
        "last": "staggered",
        "missing_samples": 0,
        "observed_samples": 135,
        "values": [
          "staggered"
        ]
      },
      "vision_dirty_units": {
        "avg": 741.1851851851852,
        "kind": "numeric",
        "last": 799,
        "max": 869.0,
        "min": 659.0,
        "missing_samples": 0,
        "observed_samples": 135,
        "p50": 738.0,
        "p95": 807.6999999999999,
        "p99": 834.64
      },
      "vision_fog_delta_tiles": {
        "avg": 57.903703703703705,
        "kind": "numeric",
        "last": 73,
        "max": 86.0,
        "min": 28.0,
        "missing_samples": 0,
        "observed_samples": 135,
        "p50": 58.0,
        "p95": 78.0,
        "p99": 80.66
      },
      "vision_units_scanned": {
        "avg": 741.1851851851852,
        "kind": "numeric",
        "last": 799,
        "max": 869.0,
        "min": 659.0,
        "missing_samples": 0,
        "observed_samples": 135,
        "p50": 738.0,
        "p95": 807.6999999999999,
        "p99": 834.64
      }
    },
    "frame_ms": {
      "avg": 36.96709413333333,
      "max": 42.158625,
      "p95": 39.0337911,
      "p99": 41.86492678
    },
    "metadata": {
      "benchmark_uncapped": true,
      "clock_mode": "uncapped_wall_clock",
      "display": "window",
      "fps_cap": "uncapped",
      "headless": false,
      "initial_units": 10000,
      "map_id": "chibi 144k-scale-10000",
      "map_size": "120x120",
      "map_tiles": 14400,
      "minimap_unit_layer_enabled": false,
      "minimap_unit_layer_override": "off",
      "minimap_unit_refresh_hz": 15.0,
      "mock_ai": false,
      "mode": "real_time",
      "players": "shu:ai,wei:human,wu:ai",
      "scale_accepted_moving_units": 10000,
      "scale_achieved_density": 1.0,
      "scale_duration_seconds": 20.0,
      "scale_execution_density": 1.0,
      "scale_execution_mode": "sustained_production_animation",
      "scale_gc_full_collect_collected": 0,
      "scale_gc_full_collect_ms": 38.4045,
      "scale_gc_policy": "realtime_defer",
      "scale_harness": true,
      "scale_harness_socket": "/tmp/star-phase5-optb-36615-opt-a-100.sock",
      "scale_harness_version": "production-v2",
      "scale_input_policy": "blocked_gameplay_events",
      "scale_motion_phase": "staggered",
      "scale_phase_seed": 42,
      "scale_prepared_units": 10000,
      "scale_resident_units": 10000,
      "scale_route_seed": 42,
      "scale_route_steps": 12,
      "scenario": "chibi-144k-scale-10000",
      "text_input": false,
      "window": "2480x1265"
    },
    "platform_input_frame_ms": {
      "avg": 0.04840145185185185,
      "max": 0.126833,
      "p50": 0.043333,
      "p95": 0.07923759999999999,
      "p99": 0.11008549999999986
    },
    "present_frame_ms": {
      "avg": 1.3953676148148149,
      "max": 1.520458,
      "p50": 1.396167,
      "p95": 1.4738627,
      "p99": 1.5175270600000001
    },
    "sample_count": 135,
    "sections": {
      "AnimationSystem": {
        "category": "work",
        "frame_share_pct": 22.18254591516688,
        "inclusive_ms": 8.20024262962963,
        "max_inclusive_ms": 10.255375,
        "max_self_ms": 10.255375,
        "p95_inclusive_ms": 8.6906914,
        "p95_self_ms": 8.6906914,
        "p99_inclusive_ms": 9.008429719999999,
        "p99_self_ms": 9.008429719999999,
        "samples": 135,
        "self_ms": 8.20024262962963
      },
      "MiniMapSystem": {
        "category": "work",
        "frame_share_pct": 0.14176437612691764,
        "inclusive_ms": 0.05240617037037037,
        "max_inclusive_ms": 0.066083,
        "max_self_ms": 0.066083,
        "p95_inclusive_ms": 0.057887600000000004,
        "p95_self_ms": 0.057887600000000004,
        "p99_inclusive_ms": 0.06355772,
        "p99_self_ms": 0.06355772,
        "samples": 135,
        "self_ms": 0.05240617037037037
      },
      "UnitRenderSystem": {
        "category": "work",
        "frame_share_pct": 20.719302360584987,
        "inclusive_ms": 10.068956177777778,
        "max_inclusive_ms": 11.122459,
        "max_self_ms": 8.534417,
        "p95_inclusive_ms": 10.821220799999999,
        "p95_self_ms": 8.3328918,
        "p99_inclusive_ms": 11.026348559999999,
        "p99_self_ms": 8.43198344,
        "samples": 135,
        "self_ms": 7.659324007407408
      },
      "VisionSystem": {
        "category": "work",
        "frame_share_pct": 14.460527204066947,
        "inclusive_ms": 5.415237940740741,
        "max_inclusive_ms": 10.212333,
        "max_self_ms": 6.517209,
        "p95_inclusive_ms": 6.002021399999999,
        "p95_self_ms": 5.9750123,
        "p99_inclusive_ms": 8.843598779999988,
        "p99_self_ms": 6.1404789399999995,
        "samples": 135,
        "self_ms": 5.345636703703703
      },
      "render_engine": {
        "category": "render",
        "frame_share_pct": 0.2880216168417063,
        "inclusive_ms": 3.7458018666666666,
        "max_inclusive_ms": 4.075292,
        "max_self_ms": 0.183959,
        "p95_inclusive_ms": 3.9121873999999996,
        "p95_self_ms": 0.13859629999999998,
        "p99_inclusive_ms": 4.01899394,
        "p99_self_ms": 0.15930033999999998,
        "samples": 135,
        "self_ms": 0.10647322222222222
      },
      "render_scalar_execute": {
        "category": "render",
        "frame_share_pct": 5.675357596726541,
        "inclusive_ms": 2.098014785185185,
        "max_inclusive_ms": 2.223042,
        "max_self_ms": 2.223042,
        "p95_inclusive_ms": 2.1573219,
        "p95_self_ms": 2.1573219,
        "p99_inclusive_ms": 2.1828525599999997,
        "p99_self_ms": 2.1828525599999997,
        "samples": 135,
        "self_ms": 2.098014785185185
      }
    },
    "uninstrumented_frame_ms": {
      "avg": 0.012992259259259259,
      "max": 0.019707,
      "p50": 0.012916,
      "p95": 0.0155617,
      "p99": 0.017460939999999994
    },
    "window_capacity_limited": false,
    "window_coverage_s": 5.003797083,
    "window_throughput_fps": 26.97951131125035
  },
  "profile_path": "/Users/liyang/Developer/star-main/results/phase5-opt-b-closeout/chibi-144k-scale-10000/20260906-172143/opt-a/100pct-moving/profile.json",
  "start": {
    "accepted_moving_units": 10000,
    "achieved_density": 1.0,
    "batch_id": 1,
    "duration_seconds": 20.0,
    "execution_density": 1.0,
    "gc_policy": {
      "activation_serial": 1,
      "active": true,
      "automatic_gc_enabled": false,
      "deadline_remaining_seconds": 19.999998,
      "full_collect_collected": 0,
      "full_collect_ms": 38.4045,
      "gc_count": [
        1,
        0,
        0
      ],
      "last_restore_reason": "",
      "mode": "realtime_defer",
      "original_automatic_gc_enabled": true
    },
    "motion_phase": "staggered",
    "normal_move_resources_and_stats": false,
    "ok": true,
    "pathfinding_during_execution": false,
    "phase": "started",
    "phase_progress_p50": 0.5006,
    "phase_progress_p95": 0.951,
    "phase_seed": 42,
    "production_animation_and_commits": true,
    "rejected_units": 0,
    "rejection_reasons": {},
    "requested_moving_units": 10000,
    "resident_units": 10000
  },
  "status": {
    "active_moving_units": 10000,
    "actual_density": 1.0,
    "configured_moving_units": 10000,
    "execution_density": 1.0,
    "gc_policy": {
      "activation_serial": 1,
      "active": true,
      "automatic_gc_enabled": false,
      "deadline_remaining_seconds": 12.937207,
      "full_collect_collected": 0,
      "full_collect_ms": 38.4045,
      "gc_count": [
        32668,
        0,
        0
      ],
      "last_restore_reason": "",
      "mode": "realtime_defer",
      "original_automatic_gc_enabled": true
    },
    "living_units": 10000,
    "motion_phase": "staggered",
    "ok": true,
    "prepared": {
      "batch_id": 1,
      "failed_units": 0,
      "failure_reasons": {},
      "living_units": 10000,
      "preparation_success_ratio": 1.0,
      "prepared_units": 10000,
      "requested_units": 10000,
      "route_steps": 12,
      "seed": 42
    },
    "socket": "/tmp/star-phase5-optb-36615-opt-a-100.sock"
  },
  "workload": {
    "duration_seconds": 20.0,
    "execution_density": 1.0,
    "gc_policy": "realtime_defer",
    "phase": "staggered",
    "phase_seed": 42,
    "route_steps": 12,
    "sample_after_seconds": 7.0,
    "seed": 42,
    "warmup_seconds": 5.0
  }
}
