{
  "guards": {
    "active_matches_start": true,
    "controlled_work_present": true,
    "density_matches": true,
    "fog_fixed_on": true,
    "gc_automatic_disabled_during_defer": true,
    "gc_defer_active_during_window": true,
    "gc_policy_metadata_matches": true,
    "gc_policy_profile_matches": true,
    "gc_policy_start_matches": true,
    "input_policy_fixed": true,
    "no_key_input": true,
    "no_mouse_button_input": true,
    "no_mouse_wheel_input": true,
    "no_pathfinding_during_execution": true,
    "position_commits_present": true,
    "production_animation_path": true,
    "profile_configured_movers_match": true,
    "profile_density_matches": true,
    "profile_phase_matches": true,
    "resident_matches_prepare": true,
    "rolling_window_full": true,
    "vision_dirty_present": true,
    "window_not_capacity_limited": true,
    "zero_density_no_position_commits": true,
    "zero_density_no_vision_dirty": true
  },
  "ok": true,
  "prepare": {
    "batch_id": 1,
    "failed_units": 0,
    "failure_reasons": {},
    "living_units": 10000,
    "ok": true,
    "phase": "prepared",
    "preparation_success_ratio": 1.0,
    "prepared_units": 10000,
    "requested_units": 10000,
    "route_steps": 12,
    "seed": 42
  },
  "profile": {
    "controlled_work_frame_ms": {
      "avg": 34.87300606521739,
      "max": 41.945832,
      "p50": 34.955041,
      "p95": 36.8046963,
      "p99": 39.315060659999986
    },
    "frame_body_fps": 27.525337313344984,
    "frame_metrics": {
      "effect_position_index_changes": {
        "avg": 728.0,
        "kind": "numeric",
        "last": 805,
        "max": 845.0,
        "min": 604.0,
        "missing_samples": 0,
        "observed_samples": 138,
        "p50": 727.5,
        "p95": 784.15,
        "p99": 827.0
      },
      "fog_enabled": {
        "avg": 1.0,
        "kind": "numeric",
        "last": 1,
        "max": 1.0,
        "min": 1.0,
        "missing_samples": 0,
        "observed_samples": 138,
        "p50": 1.0,
        "p95": 1.0,
        "p99": 1.0
      },
      "input_key_down": {
        "avg": 0.0,
        "kind": "numeric",
        "last": 0,
        "max": 0.0,
        "min": 0.0,
        "missing_samples": 0,
        "observed_samples": 138,
        "p50": 0.0,
        "p95": 0.0,
        "p99": 0.0
      },
      "input_mouse_button": {
        "avg": 0.0,
        "kind": "numeric",
        "last": 0,
        "max": 0.0,
        "min": 0.0,
        "missing_samples": 0,
        "observed_samples": 138,
        "p50": 0.0,
        "p95": 0.0,
        "p99": 0.0
      },
      "input_mouse_wheel": {
        "avg": 0.0,
        "kind": "numeric",
        "last": 0,
        "max": 0.0,
        "min": 0.0,
        "missing_samples": 0,
        "observed_samples": 138,
        "p50": 0.0,
        "p95": 0.0,
        "p99": 0.0
      },
      "scale_configured_moving_units": {
        "avg": 10000.0,
        "kind": "numeric",
        "last": 10000,
        "max": 10000.0,
        "min": 10000.0,
        "missing_samples": 0,
        "observed_samples": 138,
        "p50": 10000.0,
        "p95": 10000.0,
        "p99": 10000.0
      },
      "scale_execution_density": {
        "avg": 1.0,
        "kind": "numeric",
        "last": 1.0,
        "max": 1.0,
        "min": 1.0,
        "missing_samples": 0,
        "observed_samples": 138,
        "p50": 1.0,
        "p95": 1.0,
        "p99": 1.0
      },
      "scale_gc_automatic_enabled": {
        "avg": 0.0,
        "kind": "numeric",
        "last": 0,
        "max": 0.0,
        "min": 0.0,
        "missing_samples": 0,
        "observed_samples": 138,
        "p50": 0.0,
        "p95": 0.0,
        "p99": 0.0
      },
      "scale_gc_defer_active": {
        "avg": 1.0,
        "kind": "numeric",
        "last": 1,
        "max": 1.0,
        "min": 1.0,
        "missing_samples": 0,
        "observed_samples": 138,
        "p50": 1.0,
        "p95": 1.0,
        "p99": 1.0
      },
      "scale_gc_policy": {
        "kind": "categorical",
        "last": "realtime_defer",
        "missing_samples": 0,
        "observed_samples": 138,
        "values": [
          "realtime_defer"
        ]
      },
      "scale_motion_phase": {
        "kind": "categorical",
        "last": "staggered",
        "missing_samples": 0,
        "observed_samples": 138,
        "values": [
          "staggered"
        ]
      },
      "vision_dirty_units": {
        "avg": 728.2536231884058,
        "kind": "numeric",
        "last": 788,
        "max": 845.0,
        "min": 604.0,
        "missing_samples": 0,
        "observed_samples": 138,
        "p50": 727.5,
        "p95": 785.45,
        "p99": 827.0
      },
      "vision_fog_delta_tiles": {
        "avg": 56.905797101449274,
        "kind": "numeric",
        "last": 68,
        "max": 93.0,
        "min": 26.0,
        "missing_samples": 0,
        "observed_samples": 138,
        "p50": 57.0,
        "p95": 75.0,
        "p99": 87.14999999999998
      },
      "vision_units_scanned": {
        "avg": 728.2536231884058,
        "kind": "numeric",
        "last": 788,
        "max": 845.0,
        "min": 604.0,
        "missing_samples": 0,
        "observed_samples": 138,
        "p50": 727.5,
        "p95": 785.45,
        "p99": 827.0
      }
    },
    "frame_ms": {
      "avg": 36.33016331884058,
      "max": 43.4545,
      "p95": 38.25716685,
      "p99": 40.83621445999999
    },
    "metadata": {
      "benchmark_uncapped": true,
      "clock_mode": "uncapped_wall_clock",
      "display": "window",
      "fps_cap": "uncapped",
      "headless": false,
      "initial_units": 10000,
      "map_id": "chibi 144k-scale-10000",
      "map_size": "120x120",
      "map_tiles": 14400,
      "minimap_unit_layer_enabled": false,
      "minimap_unit_layer_override": "off",
      "minimap_unit_refresh_hz": 15.0,
      "mock_ai": false,
      "mode": "real_time",
      "players": "shu:ai,wei:human,wu:ai",
      "scale_accepted_moving_units": 10000,
      "scale_achieved_density": 1.0,
      "scale_duration_seconds": 20.0,
      "scale_execution_density": 1.0,
      "scale_execution_mode": "sustained_production_animation",
      "scale_gc_full_collect_collected": 0,
      "scale_gc_full_collect_ms": 38.694125,
      "scale_gc_policy": "realtime_defer",
      "scale_harness": true,
      "scale_harness_socket": "/tmp/star-phase5-optb-36615-opt-b-100.sock",
      "scale_harness_version": "production-v2",
      "scale_input_policy": "blocked_gameplay_events",
      "scale_motion_phase": "staggered",
      "scale_phase_seed": 42,
      "scale_prepared_units": 10000,
      "scale_resident_units": 10000,
      "scale_route_seed": 42,
      "scale_route_steps": 12,
      "scenario": "chibi-144k-scale-10000",
      "text_input": false,
      "window": "2480x1265"
    },
    "platform_input_frame_ms": {
      "avg": 0.04829136956521739,
      "max": 0.127041,
      "p50": 0.0445,
      "p95": 0.07287410000000001,
      "p99": 0.11552208
    },
    "present_frame_ms": {
      "avg": 1.3845413405797102,
      "max": 1.533916,
      "p50": 1.3803334999999999,
      "p95": 1.4680142,
      "p99": 1.5296205399999998
    },
    "sample_count": 138,
    "sections": {
      "AnimationSystem": {
        "category": "work",
        "frame_share_pct": 21.15468870610904,
        "inclusive_ms": 7.685532956521739,
        "max_inclusive_ms": 8.384667,
        "max_self_ms": 8.384667,
        "p95_inclusive_ms": 8.225918850000001,
        "p95_self_ms": 8.225918850000001,
        "p99_inclusive_ms": 8.342429500000001,
        "p99_self_ms": 8.342429500000001,
        "samples": 138,
        "self_ms": 7.685532956521739
      },
      "MiniMapSystem": {
        "category": "work",
        "frame_share_pct": 0.14332451117417377,
        "inclusive_ms": 0.05207002898550725,
        "max_inclusive_ms": 0.074167,
        "max_self_ms": 0.074167,
        "p95_inclusive_ms": 0.060139250000000005,
        "p95_self_ms": 0.060139250000000005,
        "p99_inclusive_ms": 0.06419321,
        "p99_self_ms": 0.06419321,
        "samples": 138,
        "self_ms": 0.05207002898550725
      },
      "UnitRenderSystem": {
        "category": "work",
        "frame_share_pct": 21.230589404886764,
        "inclusive_ms": 10.093846913043478,
        "max_inclusive_ms": 11.040167,
        "max_self_ms": 8.69875,
        "p95_inclusive_ms": 10.915548099999999,
        "p95_self_ms": 8.489813199999999,
        "p99_inclusive_ms": 10.988249080000001,
        "p99_self_ms": 8.642238,
        "samples": 138,
        "self_ms": 7.7131078043478265
      },
      "VisionSystem": {
        "category": "work",
        "frame_share_pct": 14.529618220152738,
        "inclusive_ms": 5.3744694782608695,
        "max_inclusive_ms": 10.605333,
        "max_self_ms": 6.2495,
        "p95_inclusive_ms": 5.982697300000001,
        "p95_self_ms": 5.90554735,
        "p99_inclusive_ms": 9.549852379999994,
        "p99_self_ms": 6.03143788,
        "samples": 138,
        "self_ms": 5.278634028985508
      },
      "render_engine": {
        "category": "render",
        "frame_share_pct": 0.2890812848179136,
        "inclusive_ms": 3.728708876811594,
        "max_inclusive_ms": 4.00125,
        "max_self_ms": 0.160333,
        "p95_inclusive_ms": 3.91749005,
        "p95_self_ms": 0.1362053,
        "p99_inclusive_ms": 3.9741647899999997,
        "p99_self_ms": 0.15348351,
        "samples": 138,
        "self_ms": 0.10502370289855073
      },
      "render_scalar_execute": {
        "category": "render",
        "frame_share_pct": 5.740700047491857,
        "inclusive_ms": 2.0856057028985506,
        "max_inclusive_ms": 2.214043,
        "max_self_ms": 2.214043,
        "p95_inclusive_ms": 2.1526945,
        "p95_self_ms": 2.1526945,
        "p99_inclusive_ms": 2.18860022,
        "p99_self_ms": 2.18860022,
        "samples": 138,
        "self_ms": 2.0856057028985506
      }
    },
    "uninstrumented_frame_ms": {
      "avg": 0.01329286231884058,
      "max": 0.018917,
      "p50": 0.013208,
      "p95": 0.015520450000000002,
      "p99": 0.017937799999999997
    },
    "window_capacity_limited": false,
    "window_coverage_s": 5.027065792,
    "window_throughput_fps": 27.45140121691091
  },
  "profile_path": "/Users/liyang/Developer/star-main/results/phase5-opt-b-closeout/chibi-144k-scale-10000/20260906-172143/opt-b/100pct-moving/profile.json",
  "start": {
    "accepted_moving_units": 10000,
    "achieved_density": 1.0,
    "batch_id": 1,
    "duration_seconds": 20.0,
    "execution_density": 1.0,
    "gc_policy": {
      "activation_serial": 1,
      "active": true,
      "automatic_gc_enabled": false,
      "deadline_remaining_seconds": 19.999998,
      "full_collect_collected": 0,
      "full_collect_ms": 38.694125,
      "gc_count": [
        1,
        0,
        0
      ],
      "last_restore_reason": "",
      "mode": "realtime_defer",
      "original_automatic_gc_enabled": true
    },
    "motion_phase": "staggered",
    "normal_move_resources_and_stats": false,
    "ok": true,
    "pathfinding_during_execution": false,
    "phase": "started",
    "phase_progress_p50": 0.5006,
    "phase_progress_p95": 0.951,
    "phase_seed": 42,
    "production_animation_and_commits": true,
    "rejected_units": 0,
    "rejection_reasons": {},
    "requested_moving_units": 10000,
    "resident_units": 10000
  },
  "status": {
    "active_moving_units": 10000,
    "actual_density": 1.0,
    "configured_moving_units": 10000,
    "execution_density": 1.0,
    "gc_policy": {
      "activation_serial": 1,
      "active": true,
      "automatic_gc_enabled": false,
      "deadline_remaining_seconds": 12.936714,
      "full_collect_collected": 0,
      "full_collect_ms": 38.694125,
      "gc_count": [
        32197,
        0,
        0
      ],
      "last_restore_reason": "",
      "mode": "realtime_defer",
      "original_automatic_gc_enabled": true
    },
    "living_units": 10000,
    "motion_phase": "staggered",
    "ok": true,
    "prepared": {
      "batch_id": 1,
      "failed_units": 0,
      "failure_reasons": {},
      "living_units": 10000,
      "preparation_success_ratio": 1.0,
      "prepared_units": 10000,
      "requested_units": 10000,
      "route_steps": 12,
      "seed": 42
    },
    "socket": "/tmp/star-phase5-optb-36615-opt-b-100.sock"
  },
  "workload": {
    "duration_seconds": 20.0,
    "execution_density": 1.0,
    "gc_policy": "realtime_defer",
    "phase": "staggered",
    "phase_seed": 42,
    "route_steps": 12,
    "sample_after_seconds": 7.0,
    "seed": 42,
    "warmup_seconds": 5.0
  }
}
