{
  "guards": {
    "active_matches_start": true,
    "controlled_work_present": true,
    "density_matches": true,
    "fog_fixed_on": true,
    "gc_automatic_disabled_during_defer": true,
    "gc_defer_active_during_window": true,
    "gc_policy_metadata_matches": true,
    "gc_policy_profile_matches": true,
    "gc_policy_start_matches": true,
    "input_policy_fixed": true,
    "no_key_input": true,
    "no_mouse_button_input": true,
    "no_mouse_wheel_input": true,
    "no_pathfinding_during_execution": true,
    "position_commits_present": true,
    "production_animation_path": true,
    "profile_configured_movers_match": true,
    "profile_density_matches": true,
    "profile_phase_matches": true,
    "resident_matches_prepare": true,
    "rolling_window_full": true,
    "vision_dirty_present": true,
    "window_not_capacity_limited": true,
    "zero_density_no_position_commits": true,
    "zero_density_no_vision_dirty": true
  },
  "ok": true,
  "prepare": {
    "batch_id": 1,
    "failed_units": 0,
    "failure_reasons": {},
    "living_units": 10000,
    "ok": true,
    "phase": "prepared",
    "preparation_success_ratio": 1.0,
    "prepared_units": 10000,
    "requested_units": 10000,
    "route_steps": 12,
    "seed": 42
  },
  "profile": {
    "controlled_work_frame_ms": {
      "avg": 26.404057138888888,
      "max": 31.562042,
      "p50": 26.430146,
      "p95": 27.64429285,
      "p99": 30.285785960000002
    },
    "frame_body_fps": 35.96209894694896,
    "frame_metrics": {
      "effect_position_index_changes": {
        "avg": 279.2388888888889,
        "kind": "numeric",
        "last": 294,
        "max": 352.0,
        "min": 220.0,
        "missing_samples": 0,
        "observed_samples": 180,
        "p50": 280.5,
        "p95": 308.0,
        "p99": 325.0400000000002
      },
      "fog_enabled": {
        "avg": 1.0,
        "kind": "numeric",
        "last": 1,
        "max": 1.0,
        "min": 1.0,
        "missing_samples": 0,
        "observed_samples": 180,
        "p50": 1.0,
        "p95": 1.0,
        "p99": 1.0
      },
      "input_key_down": {
        "avg": 0.0,
        "kind": "numeric",
        "last": 0,
        "max": 0.0,
        "min": 0.0,
        "missing_samples": 0,
        "observed_samples": 180,
        "p50": 0.0,
        "p95": 0.0,
        "p99": 0.0
      },
      "input_mouse_button": {
        "avg": 0.0,
        "kind": "numeric",
        "last": 0,
        "max": 0.0,
        "min": 0.0,
        "missing_samples": 0,
        "observed_samples": 180,
        "p50": 0.0,
        "p95": 0.0,
        "p99": 0.0
      },
      "input_mouse_wheel": {
        "avg": 0.0,
        "kind": "numeric",
        "last": 0,
        "max": 0.0,
        "min": 0.0,
        "missing_samples": 0,
        "observed_samples": 180,
        "p50": 0.0,
        "p95": 0.0,
        "p99": 0.0
      },
      "scale_configured_moving_units": {
        "avg": 5000.0,
        "kind": "numeric",
        "last": 5000,
        "max": 5000.0,
        "min": 5000.0,
        "missing_samples": 0,
        "observed_samples": 180,
        "p50": 5000.0,
        "p95": 5000.0,
        "p99": 5000.0
      },
      "scale_execution_density": {
        "avg": 0.5,
        "kind": "numeric",
        "last": 0.5,
        "max": 0.5,
        "min": 0.5,
        "missing_samples": 0,
        "observed_samples": 180,
        "p50": 0.5,
        "p95": 0.5,
        "p99": 0.5
      },
      "scale_gc_automatic_enabled": {
        "avg": 0.0,
        "kind": "numeric",
        "last": 0,
        "max": 0.0,
        "min": 0.0,
        "missing_samples": 0,
        "observed_samples": 180,
        "p50": 0.0,
        "p95": 0.0,
        "p99": 0.0
      },
      "scale_gc_defer_active": {
        "avg": 1.0,
        "kind": "numeric",
        "last": 1,
        "max": 1.0,
        "min": 1.0,
        "missing_samples": 0,
        "observed_samples": 180,
        "p50": 1.0,
        "p95": 1.0,
        "p99": 1.0
      },
      "scale_gc_policy": {
        "kind": "categorical",
        "last": "realtime_defer",
        "missing_samples": 0,
        "observed_samples": 180,
        "values": [
          "realtime_defer"
        ]
      },
      "scale_motion_phase": {
        "kind": "categorical",
        "last": "staggered",
        "missing_samples": 0,
        "observed_samples": 180,
        "values": [
          "staggered"
        ]
      },
      "vision_dirty_units": {
        "avg": 279.2888888888889,
        "kind": "numeric",
        "last": 306,
        "max": 352.0,
        "min": 220.0,
        "missing_samples": 0,
        "observed_samples": 180,
        "p50": 280.5,
        "p95": 308.0,
        "p99": 325.0400000000002
      },
      "vision_fog_delta_tiles": {
        "avg": 37.361111111111114,
        "kind": "numeric",
        "last": 58,
        "max": 68.0,
        "min": 5.0,
        "missing_samples": 0,
        "observed_samples": 180,
        "p50": 36.0,
        "p95": 59.04999999999998,
        "p99": 68.0
      },
      "vision_units_scanned": {
        "avg": 279.2888888888889,
        "kind": "numeric",
        "last": 306,
        "max": 352.0,
        "min": 220.0,
        "missing_samples": 0,
        "observed_samples": 180,
        "p50": 280.5,
        "p95": 308.0,
        "p99": 325.0400000000002
      }
    },
    "frame_ms": {
      "avg": 27.80705323888889,
      "max": 32.965833,
      "p95": 29.04353335,
      "p99": 31.700168180000006
    },
    "metadata": {
      "benchmark_uncapped": true,
      "clock_mode": "uncapped_wall_clock",
      "display": "window",
      "fps_cap": "uncapped",
      "headless": false,
      "initial_units": 10000,
      "map_id": "chibi 144k-scale-10000",
      "map_size": "120x120",
      "map_tiles": 14400,
      "minimap_unit_layer_enabled": false,
      "minimap_unit_layer_override": "off",
      "minimap_unit_refresh_hz": 15.0,
      "mock_ai": false,
      "mode": "real_time",
      "phase5_c2_entity_sample_every": 16,
      "phase5_c2_production_baseline": "Optimization A + B + C1",
      "phase5_c2_scope": "set_diff+faction_union_refcount+explored_update",
      "phase5_c2_source_guard": {
        "rotk_env/systems/vision_system.py": "6e9190ceb209e257e8f3f10bebe6eb571b8415b4",
        "rotk_env/systems/window_movement_system.py": "d1abc9b403ea10be7868044752c575f05823d062",
        "rotk_env/systems/window_vision_system.py": "b54c523be1288467815961038c3ee18e7333ef4a",
        "rotk_env/utils/unit_spatial_index.py": "2c2fb26c6ae5f422516a6c3927049d8a78a72b32"
      },
      "phase5_c2_tile_sample_every": 64,
      "phase5_vision_c2_attribution": true,
      "players": "shu:ai,wei:human,wu:ai",
      "scale_accepted_moving_units": 5000,
      "scale_achieved_density": 0.5,
      "scale_duration_seconds": 20.0,
      "scale_execution_density": 0.5,
      "scale_execution_mode": "sustained_production_animation",
      "scale_gc_full_collect_collected": 0,
      "scale_gc_full_collect_ms": 33.6645,
      "scale_gc_policy": "realtime_defer",
      "scale_harness": true,
      "scale_harness_socket": "/tmp/star-phase5-c2-48368-50pct-moving.sock",
      "scale_harness_version": "production-v2",
      "scale_input_policy": "blocked_gameplay_events",
      "scale_motion_phase": "staggered",
      "scale_phase_seed": 42,
      "scale_prepared_units": 10000,
      "scale_resident_units": 10000,
      "scale_route_seed": 42,
      "scale_route_steps": 12,
      "scenario": "chibi-144k-scale-10000",
      "text_input": false,
      "window": "2480x1265"
    },
    "platform_input_frame_ms": {
      "avg": 0.03734332222222222,
      "max": 0.077376,
      "p50": 0.0361455,
      "p95": 0.04512019999999989,
      "p99": 0.05890775000000008
    },
    "present_frame_ms": {
      "avg": 1.3454240722222222,
      "max": 1.487083,
      "p50": 1.3399795,
      "p95": 1.4109996999999999,
      "p99": 1.4402645
    },
    "sample_count": 180,
    "sections": {
      "AnimationSystem": {
        "category": "work",
        "frame_share_pct": 12.069724596889909,
        "inclusive_ms": 3.3562347444444445,
        "max_inclusive_ms": 3.687292,
        "max_self_ms": 3.687292,
        "p95_inclusive_ms": 3.5626027,
        "p95_self_ms": 3.5626027,
        "p99_inclusive_ms": 3.6099930700000007,
        "p99_self_ms": 3.6099930700000007,
        "samples": 180,
        "self_ms": 3.3562347444444445
      },
      "MiniMapSystem": {
        "category": "work",
        "frame_share_pct": 0.1695523259890715,
        "inclusive_ms": 0.04714750555555556,
        "max_inclusive_ms": 0.062,
        "max_self_ms": 0.062,
        "p95_inclusive_ms": 0.0509601,
        "p95_self_ms": 0.0509601,
        "p99_inclusive_ms": 0.05457850000000003,
        "p99_self_ms": 0.05457850000000003,
        "samples": 180,
        "self_ms": 0.04714750555555556
      },
      "UnitRenderSystem": {
        "category": "work",
        "frame_share_pct": 24.976652391432243,
        "inclusive_ms": 8.933505544444444,
        "max_inclusive_ms": 9.577042,
        "max_self_ms": 7.534542,
        "p95_inclusive_ms": 9.444144349999998,
        "p95_self_ms": 7.40958025,
        "p99_inclusive_ms": 9.525142930000001,
        "p99_self_ms": 7.47726486,
        "samples": 180,
        "self_ms": 6.945271027777778
      },
      "VisionSystem": {
        "category": "work",
        "frame_share_pct": 11.630322569980143,
        "inclusive_ms": 3.3053171166666666,
        "max_inclusive_ms": 7.519583,
        "max_self_ms": 4.263042,
        "p95_inclusive_ms": 3.6240305999999998,
        "p95_self_ms": 3.5836253,
        "p99_inclusive_ms": 7.335937360000001,
        "p99_self_ms": 3.77274768,
        "samples": 180,
        "self_ms": 3.234049988888889
      },
      "render_engine": {
        "category": "render",
        "frame_share_pct": 0.37098261526346243,
        "inclusive_ms": 3.6236331,
        "max_inclusive_ms": 3.825458,
        "max_self_ms": 0.122333,
        "p95_inclusive_ms": 3.731658,
        "p95_self_ms": 0.11541779999999999,
        "p99_inclusive_ms": 3.7914536400000007,
        "p99_self_ms": 0.11892582,
        "samples": 180,
        "self_ms": 0.10315933333333334
      },
      "render_scalar_execute": {
        "category": "render",
        "frame_share_pct": 7.330906116350937,
        "inclusive_ms": 2.038508966666667,
        "max_inclusive_ms": 2.094212,
        "max_self_ms": 2.094212,
        "p95_inclusive_ms": 2.07556905,
        "p95_self_ms": 2.07556905,
        "p99_inclusive_ms": 2.0850721,
        "p99_self_ms": 2.0850721,
        "samples": 180,
        "self_ms": 2.038508966666667
      }
    },
    "uninstrumented_frame_ms": {
      "avg": 0.011166661111111111,
      "max": 0.013293,
      "p50": 0.0112085,
      "p95": 0.01241905,
      "p99": 0.01289243
    },
    "window_capacity_limited": false,
    "window_coverage_s": 5.025915167,
    "window_throughput_fps": 35.81437290901253
  },
  "profile_path": "/Users/liyang/Developer/star-main/results/phase5-vision-c2-attribution/chibi-144k-scale-10000/20260906-194311/50pct-moving/profile.json",
  "start": {
    "accepted_moving_units": 5000,
    "achieved_density": 0.5,
    "batch_id": 1,
    "duration_seconds": 20.0,
    "execution_density": 0.5,
    "gc_policy": {
      "activation_serial": 1,
      "active": true,
      "automatic_gc_enabled": false,
      "deadline_remaining_seconds": 19.999999,
      "full_collect_collected": 0,
      "full_collect_ms": 33.6645,
      "gc_count": [
        1,
        0,
        0
      ],
      "last_restore_reason": "",
      "mode": "realtime_defer",
      "original_automatic_gc_enabled": true
    },
    "motion_phase": "staggered",
    "normal_move_resources_and_stats": false,
    "ok": true,
    "pathfinding_during_execution": false,
    "phase": "started",
    "phase_progress_p50": 0.504,
    "phase_progress_p95": 0.9503,
    "phase_seed": 42,
    "production_animation_and_commits": true,
    "rejected_units": 0,
    "rejection_reasons": {},
    "requested_moving_units": 5000,
    "resident_units": 10000
  },
  "status": {
    "active_moving_units": 5000,
    "actual_density": 0.5,
    "configured_moving_units": 5000,
    "execution_density": 0.5,
    "gc_policy": {
      "activation_serial": 1,
      "active": true,
      "automatic_gc_enabled": false,
      "deadline_remaining_seconds": 12.93063,
      "full_collect_collected": 0,
      "full_collect_ms": 33.6645,
      "gc_count": [
        26034,
        0,
        0
      ],
      "last_restore_reason": "",
      "mode": "realtime_defer",
      "original_automatic_gc_enabled": true
    },
    "living_units": 10000,
    "motion_phase": "staggered",
    "ok": true,
    "prepared": {
      "batch_id": 1,
      "failed_units": 0,
      "failure_reasons": {},
      "living_units": 10000,
      "preparation_success_ratio": 1.0,
      "prepared_units": 10000,
      "requested_units": 10000,
      "route_steps": 12,
      "seed": 42
    },
    "socket": "/tmp/star-phase5-c2-48368-50pct-moving.sock"
  },
  "workload": {
    "duration_seconds": 20.0,
    "execution_density": 0.5,
    "gc_policy": "realtime_defer",
    "phase": "staggered",
    "phase_seed": 42,
    "route_steps": 12,
    "sample_after_seconds": 7.0,
    "seed": 42,
    "warmup_seconds": 5.0
  }
}
