To https://github.com/star-nexus/star.git
 - [deleted]         experiment/phase5-10k-frontier-confirmation
 - [deleted]         experiment/phase5-10k-frontier-confirmation-d1
 - [deleted]         experiment/phase5-c1-closeout
 - [deleted]         experiment/phase5-c1-control
 - [deleted]         experiment/phase5-c2-attribution
 - [deleted]         experiment/phase5-c2a-closeout
 - [deleted]         experiment/phase5-c2a-explored-transition
 - [deleted]         experiment/phase5-c2b-refcount-representation
 - [deleted]         experiment/phase5-c2b1-closeout
 - [deleted]         experiment/phase5-c2b1-dense-core-refcount
 - [deleted]         experiment/phase5-c2c-delta-multiplicity
 - [deleted]         experiment/phase5-opt-b-closeout
 - [deleted]         experiment/phase5-tail-composition-attribution
 - [deleted]         experiment/phase5-unitrender-classification-cull-attribution
 - [deleted]         experiment/phase5-unitrender-cull-e2-attribution
 - [deleted]         experiment/phase5-unitrender-cull-e3-first-touch-locality
 - [deleted]         experiment/phase5-unitrender-cull-e4-pre-map-scheduling
 - [deleted]         experiment/phase5-unitrender-cull-e5-spatial-structure
 - [deleted]         experiment/phase5-unitrender-e1-active-animation-api
 - [deleted]         experiment/phase5-unitrender-e1-closeout
 - [deleted]         experiment/phase5-unitrender-e5-1-closeout
 - [deleted]         experiment/phase5-unitrender-e5-1-slotted-record
 - [deleted]         experiment/phase5-unitrender-e5-2-stable-record-identity
 - [deleted]         experiment/phase5-unitrender-e5-3-field-payload
 - [deleted]         experiment/phase5-unitrender-e5-4-derived-geometry-reuse
 - [deleted]         experiment/phase5-unitrender-e6-2-slotted-composition
 - [deleted]         experiment/phase5-unitrender-e6-bounded-geometry-ownership
 - [deleted]         experiment/phase5-unitrender-e6-derived-world-geometry-reuse
 - [deleted]         experiment/phase5-unitrender-moving-path-attribution
 - [deleted]         experiment/phase5-vision-d-audit-effectiveness
 - [deleted]         experiment/phase5-vision-d-indexed-audit-boundary
 - [deleted]         experiment/phase5-vision-d1-closeout
 - [deleted]         perf/10k-online
 - [deleted]         sync/map-editor-v2-to-10k
