{
  "guards": {
    "active_matches_start": true,
    "controlled_work_present": true,
    "density_matches": true,
    "fog_fixed_on": true,
    "gc_automatic_disabled_during_defer": true,
    "gc_defer_active_during_window": true,
    "gc_policy_metadata_matches": true,
    "gc_policy_profile_matches": true,
    "gc_policy_start_matches": true,
    "input_policy_fixed": true,
    "no_key_input": true,
    "no_mouse_button_input": true,
    "no_mouse_wheel_input": true,
    "no_pathfinding_during_execution": true,
    "position_commits_present": true,
    "production_animation_path": true,
    "profile_configured_movers_match": true,
    "profile_density_matches": true,
    "profile_phase_matches": true,
    "resident_matches_prepare": true,
    "rolling_window_full": true,
    "vision_dirty_present": true,
    "window_not_capacity_limited": true,
    "zero_density_no_position_commits": true,
    "zero_density_no_vision_dirty": true
  },
  "ok": true,
  "prepare": {
    "batch_id": 1,
    "failed_units": 0,
    "failure_reasons": {},
    "living_units": 10000,
    "ok": true,
    "phase": "prepared",
    "preparation_success_ratio": 1.0,
    "prepared_units": 10000,
    "requested_units": 10000,
    "route_steps": 12,
    "seed": 42
  },
  "profile": {
    "controlled_work_frame_ms": {
      "avg": 24.84023811578947,
      "max": 29.145209,
      "p50": 24.77498,
      "p95": 25.7530914,
      "p99": 28.14979261999999
    },
    "frame_body_fps": 38.10696947191449,
    "frame_metrics": {
      "effect_position_index_changes": {
        "avg": 263.2105263157895,
        "kind": "numeric",
        "last": 292,
        "max": 324.0,
        "min": 215.0,
        "missing_samples": 0,
        "observed_samples": 190,
        "p50": 263.0,
        "p95": 290.54999999999995,
        "p99": 312.0999999999999
      },
      "fog_enabled": {
        "avg": 1.0,
        "kind": "numeric",
        "last": 1,
        "max": 1.0,
        "min": 1.0,
        "missing_samples": 0,
        "observed_samples": 190,
        "p50": 1.0,
        "p95": 1.0,
        "p99": 1.0
      },
      "input_key_down": {
        "avg": 0.0,
        "kind": "numeric",
        "last": 0,
        "max": 0.0,
        "min": 0.0,
        "missing_samples": 0,
        "observed_samples": 190,
        "p50": 0.0,
        "p95": 0.0,
        "p99": 0.0
      },
      "input_mouse_button": {
        "avg": 0.0,
        "kind": "numeric",
        "last": 0,
        "max": 0.0,
        "min": 0.0,
        "missing_samples": 0,
        "observed_samples": 190,
        "p50": 0.0,
        "p95": 0.0,
        "p99": 0.0
      },
      "input_mouse_wheel": {
        "avg": 0.0,
        "kind": "numeric",
        "last": 0,
        "max": 0.0,
        "min": 0.0,
        "missing_samples": 0,
        "observed_samples": 190,
        "p50": 0.0,
        "p95": 0.0,
        "p99": 0.0
      },
      "scale_configured_moving_units": {
        "avg": 5000.0,
        "kind": "numeric",
        "last": 5000,
        "max": 5000.0,
        "min": 5000.0,
        "missing_samples": 0,
        "observed_samples": 190,
        "p50": 5000.0,
        "p95": 5000.0,
        "p99": 5000.0
      },
      "scale_execution_density": {
        "avg": 0.5,
        "kind": "numeric",
        "last": 0.5,
        "max": 0.5,
        "min": 0.5,
        "missing_samples": 0,
        "observed_samples": 190,
        "p50": 0.5,
        "p95": 0.5,
        "p99": 0.5
      },
      "scale_gc_automatic_enabled": {
        "avg": 0.0,
        "kind": "numeric",
        "last": 0,
        "max": 0.0,
        "min": 0.0,
        "missing_samples": 0,
        "observed_samples": 190,
        "p50": 0.0,
        "p95": 0.0,
        "p99": 0.0
      },
      "scale_gc_defer_active": {
        "avg": 1.0,
        "kind": "numeric",
        "last": 1,
        "max": 1.0,
        "min": 1.0,
        "missing_samples": 0,
        "observed_samples": 190,
        "p50": 1.0,
        "p95": 1.0,
        "p99": 1.0
      },
      "scale_gc_policy": {
        "kind": "categorical",
        "last": "realtime_defer",
        "missing_samples": 0,
        "observed_samples": 190,
        "values": [
          "realtime_defer"
        ]
      },
      "scale_motion_phase": {
        "kind": "categorical",
        "last": "staggered",
        "missing_samples": 0,
        "observed_samples": 190,
        "values": [
          "staggered"
        ]
      },
      "vision_dirty_units": {
        "avg": 263.30526315789473,
        "kind": "numeric",
        "last": 293,
        "max": 324.0,
        "min": 215.0,
        "missing_samples": 0,
        "observed_samples": 190,
        "p50": 263.0,
        "p95": 291.54999999999995,
        "p99": 312.0999999999999
      },
      "vision_fog_delta_tiles": {
        "avg": 35.26315789473684,
        "kind": "numeric",
        "last": 58,
        "max": 65.0,
        "min": 6.0,
        "missing_samples": 0,
        "observed_samples": 190,
        "p50": 35.0,
        "p95": 54.54999999999998,
        "p99": 60.21999999999997
      },
      "vision_units_scanned": {
        "avg": 263.30526315789473,
        "kind": "numeric",
        "last": 293,
        "max": 324.0,
        "min": 215.0,
        "missing_samples": 0,
        "observed_samples": 190,
        "p50": 263.0,
        "p95": 291.54999999999995,
        "p99": 312.0999999999999
      }
    },
    "frame_ms": {
      "avg": 26.241918836842107,
      "max": 30.535667,
      "p95": 27.2587481,
      "p99": 29.59032037999999
    },
    "metadata": {
      "benchmark_uncapped": true,
      "clock_mode": "uncapped_wall_clock",
      "display": "window",
      "fps_cap": "uncapped",
      "headless": false,
      "initial_units": 10000,
      "map_id": "chibi 144k-scale-10000",
      "map_size": "120x120",
      "map_tiles": 14400,
      "minimap_unit_layer_enabled": false,
      "minimap_unit_layer_override": "off",
      "minimap_unit_refresh_hz": 15.0,
      "mock_ai": false,
      "mode": "real_time",
      "players": "shu:ai,wei:human,wu:ai",
      "scale_accepted_moving_units": 5000,
      "scale_achieved_density": 0.5,
      "scale_duration_seconds": 20.0,
      "scale_execution_density": 0.5,
      "scale_execution_mode": "sustained_production_animation",
      "scale_gc_full_collect_collected": 0,
      "scale_gc_full_collect_ms": 32.737542,
      "scale_gc_policy": "realtime_defer",
      "scale_harness": true,
      "scale_harness_socket": "/tmp/star-phase5-c2a-49928-control-50.sock",
      "scale_harness_version": "production-v2",
      "scale_input_policy": "blocked_gameplay_events",
      "scale_motion_phase": "staggered",
      "scale_phase_seed": 42,
      "scale_prepared_units": 10000,
      "scale_resident_units": 10000,
      "scale_route_seed": 42,
      "scale_route_steps": 12,
      "scenario": "chibi-144k-scale-10000",
      "text_input": false,
      "window": "2480x1265"
    },
    "platform_input_frame_ms": {
      "avg": 0.03496869473684211,
      "max": 0.053416,
      "p50": 0.0350825,
      "p95": 0.03994375,
      "p99": 0.04543247999999997
    },
    "present_frame_ms": {
      "avg": 1.3465094052631579,
      "max": 1.500667,
      "p50": 1.3391250000000001,
      "p95": 1.42815205,
      "p99": 1.46510439
    },
    "sample_count": 190,
    "sections": {
      "AnimationSystem": {
        "category": "work",
        "frame_share_pct": 12.610885617765636,
        "inclusive_ms": 3.3093383684210522,
        "max_inclusive_ms": 3.636875,
        "max_self_ms": 3.636875,
        "p95_inclusive_ms": 3.47565435,
        "p95_self_ms": 3.47565435,
        "p99_inclusive_ms": 3.5725243599999987,
        "p99_self_ms": 3.5725243599999987,
        "samples": 190,
        "self_ms": 3.3093383684210522
      },
      "MiniMapSystem": {
        "category": "work",
        "frame_share_pct": 0.18199341082803952,
        "inclusive_ms": 0.04775856315789474,
        "max_inclusive_ms": 0.058708,
        "max_self_ms": 0.058708,
        "p95_inclusive_ms": 0.052039699999999994,
        "p95_self_ms": 0.052039699999999994,
        "p99_inclusive_ms": 0.05789788,
        "p99_self_ms": 0.05789788,
        "samples": 190,
        "self_ms": 0.04775856315789474
      },
      "UnitRenderSystem": {
        "category": "work",
        "frame_share_pct": 26.16039521206554,
        "inclusive_ms": 8.867165121052631,
        "max_inclusive_ms": 9.494584,
        "max_self_ms": 7.464043,
        "p95_inclusive_ms": 9.33397935,
        "p95_self_ms": 7.25577965,
        "p99_inclusive_ms": 9.41556913,
        "p99_self_ms": 7.36318763,
        "samples": 190,
        "self_ms": 6.864989678947368
      },
      "VisionSystem": {
        "category": "work",
        "frame_share_pct": 6.804317692686921,
        "inclusive_ms": 1.8518806736842106,
        "max_inclusive_ms": 6.006083,
        "max_self_ms": 2.141166,
        "p95_inclusive_ms": 2.02565815,
        "p95_self_ms": 2.0035232499999998,
        "p99_inclusive_ms": 5.866775239999998,
        "p99_self_ms": 2.074290989999999,
        "samples": 190,
        "self_ms": 1.7855835263157895
      },
      "render_engine": {
        "category": "render",
        "frame_share_pct": 0.3890805418415308,
        "inclusive_ms": 3.619377610526316,
        "max_inclusive_ms": 3.7615,
        "max_self_ms": 0.1305,
        "p95_inclusive_ms": 3.7220770499999998,
        "p95_self_ms": 0.11246409999999998,
        "p99_inclusive_ms": 3.75415587,
        "p99_self_ms": 0.1172979999999999,
        "samples": 190,
        "self_ms": 0.1021022
      },
      "render_scalar_execute": {
        "category": "render",
        "frame_share_pct": 7.75474508239582,
        "inclusive_ms": 2.0349939105263157,
        "max_inclusive_ms": 2.101376,
        "max_self_ms": 2.101376,
        "p95_inclusive_ms": 2.07795665,
        "p95_self_ms": 2.07795665,
        "p99_inclusive_ms": 2.0983541299999997,
        "p99_self_ms": 2.0983541299999997,
        "samples": 190,
        "self_ms": 2.0349939105263157
      }
    },
    "uninstrumented_frame_ms": {
      "avg": 0.010624373684210526,
      "max": 0.012083,
      "p50": 0.0105,
      "p95": 0.011855999999999998,
      "p99": 0.012042110000000002
    },
    "window_capacity_limited": false,
    "window_coverage_s": 5.003797875,
    "window_throughput_fps": 37.97115805761838
  },
  "profile_path": "/Users/liyang/Developer/star-main/results/phase5-c2a-closeout/chibi-144k-scale-10000/20260906-200509/control/50pct-moving/profile.json",
  "start": {
    "accepted_moving_units": 5000,
    "achieved_density": 0.5,
    "batch_id": 1,
    "duration_seconds": 20.0,
    "execution_density": 0.5,
    "gc_policy": {
      "activation_serial": 1,
      "active": true,
      "automatic_gc_enabled": false,
      "deadline_remaining_seconds": 19.999999,
      "full_collect_collected": 0,
      "full_collect_ms": 32.737542,
      "gc_count": [
        1,
        0,
        0
      ],
      "last_restore_reason": "",
      "mode": "realtime_defer",
      "original_automatic_gc_enabled": true
    },
    "motion_phase": "staggered",
    "normal_move_resources_and_stats": false,
    "ok": true,
    "pathfinding_during_execution": false,
    "phase": "started",
    "phase_progress_p50": 0.504,
    "phase_progress_p95": 0.9503,
    "phase_seed": 42,
    "production_animation_and_commits": true,
    "rejected_units": 0,
    "rejection_reasons": {},
    "requested_moving_units": 5000,
    "resident_units": 10000
  },
  "status": {
    "active_moving_units": 5000,
    "actual_density": 0.5,
    "configured_moving_units": 5000,
    "execution_density": 0.5,
    "gc_policy": {
      "activation_serial": 1,
      "active": true,
      "automatic_gc_enabled": false,
      "deadline_remaining_seconds": 12.938424,
      "full_collect_collected": 0,
      "full_collect_ms": 32.737542,
      "gc_count": [
        28064,
        0,
        0
      ],
      "last_restore_reason": "",
      "mode": "realtime_defer",
      "original_automatic_gc_enabled": true
    },
    "living_units": 10000,
    "motion_phase": "staggered",
    "ok": true,
    "prepared": {
      "batch_id": 1,
      "failed_units": 0,
      "failure_reasons": {},
      "living_units": 10000,
      "preparation_success_ratio": 1.0,
      "prepared_units": 10000,
      "requested_units": 10000,
      "route_steps": 12,
      "seed": 42
    },
    "socket": "/tmp/star-phase5-c2a-49928-control-50.sock"
  },
  "workload": {
    "duration_seconds": 20.0,
    "execution_density": 0.5,
    "gc_policy": "realtime_defer",
    "phase": "staggered",
    "phase_seed": 42,
    "route_steps": 12,
    "sample_after_seconds": 7.0,
    "seed": 42,
    "warmup_seconds": 5.0
  }
}
