{
  "guards": {
    "active_matches_start": true,
    "controlled_work_present": true,
    "density_matches": true,
    "fog_fixed_on": true,
    "gc_automatic_disabled_during_defer": true,
    "gc_defer_active_during_window": true,
    "gc_policy_metadata_matches": true,
    "gc_policy_profile_matches": true,
    "gc_policy_start_matches": true,
    "input_policy_fixed": true,
    "no_key_input": true,
    "no_mouse_button_input": true,
    "no_mouse_wheel_input": true,
    "no_pathfinding_during_execution": true,
    "position_commits_present": true,
    "production_animation_path": true,
    "profile_configured_movers_match": true,
    "profile_density_matches": true,
    "profile_phase_matches": true,
    "resident_matches_prepare": true,
    "rolling_window_full": true,
    "vision_dirty_present": true,
    "window_not_capacity_limited": true,
    "zero_density_no_position_commits": true,
    "zero_density_no_vision_dirty": true
  },
  "ok": true,
  "prepare": {
    "batch_id": 1,
    "failed_units": 0,
    "failure_reasons": {},
    "living_units": 10000,
    "ok": true,
    "phase": "prepared",
    "preparation_success_ratio": 1.0,
    "prepared_units": 10000,
    "requested_units": 10000,
    "route_steps": 12,
    "seed": 42
  },
  "profile": {
    "controlled_work_frame_ms": {
      "avg": 36.07642768421053,
      "max": 42.066543,
      "p50": 35.980999,
      "p95": 37.965066799999995,
      "p99": 40.373172880000006
    },
    "frame_body_fps": 26.679420413887833,
    "frame_metrics": {
      "effect_position_index_changes": {
        "avg": 751.4360902255639,
        "kind": "numeric",
        "last": 792,
        "max": 872.0,
        "min": 663.0,
        "missing_samples": 0,
        "observed_samples": 133,
        "p50": 747.0,
        "p95": 816.4,
        "p99": 855.0800000000003
      },
      "fog_enabled": {
        "avg": 1.0,
        "kind": "numeric",
        "last": 1,
        "max": 1.0,
        "min": 1.0,
        "missing_samples": 0,
        "observed_samples": 133,
        "p50": 1.0,
        "p95": 1.0,
        "p99": 1.0
      },
      "input_key_down": {
        "avg": 0.0,
        "kind": "numeric",
        "last": 0,
        "max": 0.0,
        "min": 0.0,
        "missing_samples": 0,
        "observed_samples": 133,
        "p50": 0.0,
        "p95": 0.0,
        "p99": 0.0
      },
      "input_mouse_button": {
        "avg": 0.0,
        "kind": "numeric",
        "last": 0,
        "max": 0.0,
        "min": 0.0,
        "missing_samples": 0,
        "observed_samples": 133,
        "p50": 0.0,
        "p95": 0.0,
        "p99": 0.0
      },
      "input_mouse_wheel": {
        "avg": 0.0,
        "kind": "numeric",
        "last": 0,
        "max": 0.0,
        "min": 0.0,
        "missing_samples": 0,
        "observed_samples": 133,
        "p50": 0.0,
        "p95": 0.0,
        "p99": 0.0
      },
      "scale_configured_moving_units": {
        "avg": 10000.0,
        "kind": "numeric",
        "last": 10000,
        "max": 10000.0,
        "min": 10000.0,
        "missing_samples": 0,
        "observed_samples": 133,
        "p50": 10000.0,
        "p95": 10000.0,
        "p99": 10000.0
      },
      "scale_execution_density": {
        "avg": 1.0,
        "kind": "numeric",
        "last": 1.0,
        "max": 1.0,
        "min": 1.0,
        "missing_samples": 0,
        "observed_samples": 133,
        "p50": 1.0,
        "p95": 1.0,
        "p99": 1.0
      },
      "scale_gc_automatic_enabled": {
        "avg": 0.0,
        "kind": "numeric",
        "last": 0,
        "max": 0.0,
        "min": 0.0,
        "missing_samples": 0,
        "observed_samples": 133,
        "p50": 0.0,
        "p95": 0.0,
        "p99": 0.0
      },
      "scale_gc_defer_active": {
        "avg": 1.0,
        "kind": "numeric",
        "last": 1,
        "max": 1.0,
        "min": 1.0,
        "missing_samples": 0,
        "observed_samples": 133,
        "p50": 1.0,
        "p95": 1.0,
        "p99": 1.0
      },
      "scale_gc_policy": {
        "kind": "categorical",
        "last": "realtime_defer",
        "missing_samples": 0,
        "observed_samples": 133,
        "values": [
          "realtime_defer"
        ]
      },
      "scale_motion_phase": {
        "kind": "categorical",
        "last": "staggered",
        "missing_samples": 0,
        "observed_samples": 133,
        "values": [
          "staggered"
        ]
      },
      "vision_dirty_units": {
        "avg": 751.6390977443609,
        "kind": "numeric",
        "last": 810,
        "max": 872.0,
        "min": 663.0,
        "missing_samples": 0,
        "observed_samples": 133,
        "p50": 747.0,
        "p95": 816.4,
        "p99": 855.0800000000003
      },
      "vision_fog_delta_tiles": {
        "avg": 58.72932330827068,
        "kind": "numeric",
        "last": 79,
        "max": 109.0,
        "min": 31.0,
        "missing_samples": 0,
        "observed_samples": 133,
        "p50": 58.0,
        "p95": 78.39999999999999,
        "p99": 90.44000000000005
      },
      "vision_units_scanned": {
        "avg": 751.6390977443609,
        "kind": "numeric",
        "last": 810,
        "max": 872.0,
        "min": 663.0,
        "missing_samples": 0,
        "observed_samples": 133,
        "p50": 747.0,
        "p95": 816.4,
        "p99": 855.0800000000003
      }
    },
    "frame_ms": {
      "avg": 37.482073616541356,
      "max": 43.470667,
      "p95": 39.39932519999999,
      "p99": 41.78885488000001
    },
    "metadata": {
      "benchmark_uncapped": true,
      "clock_mode": "uncapped_wall_clock",
      "display": "window",
      "fps_cap": "uncapped",
      "headless": false,
      "initial_units": 10000,
      "map_id": "chibi 144k-scale-10000",
      "map_size": "120x120",
      "map_tiles": 14400,
      "minimap_unit_layer_enabled": false,
      "minimap_unit_layer_override": "off",
      "minimap_unit_refresh_hz": 15.0,
      "mock_ai": false,
      "mode": "real_time",
      "phase5_c2_entity_sample_every": 16,
      "phase5_c2_production_baseline": "Optimization A + B + C1",
      "phase5_c2_scope": "set_diff+faction_union_refcount+explored_update",
      "phase5_c2_source_guard": {
        "rotk_env/systems/vision_system.py": "6e9190ceb209e257e8f3f10bebe6eb571b8415b4",
        "rotk_env/systems/window_movement_system.py": "d1abc9b403ea10be7868044752c575f05823d062",
        "rotk_env/systems/window_vision_system.py": "b54c523be1288467815961038c3ee18e7333ef4a",
        "rotk_env/utils/unit_spatial_index.py": "2c2fb26c6ae5f422516a6c3927049d8a78a72b32"
      },
      "phase5_c2_tile_sample_every": 64,
      "phase5_vision_c2_attribution": true,
      "players": "shu:ai,wei:human,wu:ai",
      "scale_accepted_moving_units": 10000,
      "scale_achieved_density": 1.0,
      "scale_duration_seconds": 20.0,
      "scale_execution_density": 1.0,
      "scale_execution_mode": "sustained_production_animation",
      "scale_gc_full_collect_collected": 0,
      "scale_gc_full_collect_ms": 35.296166,
      "scale_gc_policy": "realtime_defer",
      "scale_harness": true,
      "scale_harness_socket": "/tmp/star-phase5-c2-48368-100pct-moving.sock",
      "scale_harness_version": "production-v2",
      "scale_input_policy": "blocked_gameplay_events",
      "scale_motion_phase": "staggered",
      "scale_phase_seed": 42,
      "scale_prepared_units": 10000,
      "scale_resident_units": 10000,
      "scale_route_seed": 42,
      "scale_route_steps": 12,
      "scenario": "chibi-144k-scale-10000",
      "text_input": false,
      "window": "2480x1265"
    },
    "platform_input_frame_ms": {
      "avg": 0.03651744360902256,
      "max": 0.047126,
      "p50": 0.036,
      "p95": 0.042700199999999994,
      "p99": 0.04517832000000001
    },
    "present_frame_ms": {
      "avg": 1.3482026541353385,
      "max": 1.541209,
      "p50": 1.346666,
      "p95": 1.4077582,
      "p99": 1.4272731200000002
    },
    "sample_count": 133,
    "sections": {
      "AnimationSystem": {
        "category": "work",
        "frame_share_pct": 18.977620032577494,
        "inclusive_ms": 7.113205511278196,
        "max_inclusive_ms": 7.871042,
        "max_self_ms": 7.871042,
        "p95_inclusive_ms": 7.4373332,
        "p95_self_ms": 7.4373332,
        "p99_inclusive_ms": 7.558335120000001,
        "p99_self_ms": 7.558335120000001,
        "samples": 133,
        "self_ms": 7.113205511278196
      },
      "MiniMapSystem": {
        "category": "work",
        "frame_share_pct": 0.12973931341126596,
        "inclusive_ms": 0.048628984962406016,
        "max_inclusive_ms": 0.058833,
        "max_self_ms": 0.058833,
        "p95_inclusive_ms": 0.051891599999999996,
        "p95_self_ms": 0.051891599999999996,
        "p99_inclusive_ms": 0.05785212,
        "p99_self_ms": 0.05785212,
        "samples": 133,
        "self_ms": 0.048628984962406016
      },
      "UnitRenderSystem": {
        "category": "work",
        "frame_share_pct": 19.576618175286832,
        "inclusive_ms": 9.59543172180451,
        "max_inclusive_ms": 10.389417,
        "max_self_ms": 8.032458,
        "p95_inclusive_ms": 10.241225,
        "p95_self_ms": 7.887841,
        "p99_inclusive_ms": 10.36683644,
        "p99_self_ms": 8.00520132,
        "samples": 133,
        "self_ms": 7.337722436090226
      },
      "VisionSystem": {
        "category": "work",
        "frame_share_pct": 21.518136066902045,
        "inclusive_ms": 8.160187962406015,
        "max_inclusive_ms": 12.731208,
        "max_self_ms": 9.356625,
        "p95_inclusive_ms": 9.017833599999998,
        "p95_self_ms": 8.818892,
        "p99_inclusive_ms": 12.39713,
        "p99_self_ms": 9.19620656,
        "samples": 133,
        "self_ms": 8.06544360150376
      },
      "render_engine": {
        "category": "render",
        "frame_share_pct": 0.2702300521147514,
        "inclusive_ms": 3.673073932330827,
        "max_inclusive_ms": 3.869167,
        "max_self_ms": 0.132542,
        "p95_inclusive_ms": 3.8257332,
        "p95_self_ms": 0.1197002,
        "p99_inclusive_ms": 3.84751332,
        "p99_self_ms": 0.1264112,
        "samples": 133,
        "self_ms": 0.10128782706766917
      },
      "render_scalar_execute": {
        "category": "render",
        "frame_share_pct": 5.4834286997607675,
        "inclusive_ms": 2.0553027819548872,
        "max_inclusive_ms": 2.143459,
        "max_self_ms": 2.143459,
        "p95_inclusive_ms": 2.100599,
        "p95_self_ms": 2.100599,
        "p99_inclusive_ms": 2.1381620000000003,
        "p99_self_ms": 2.1381620000000003,
        "samples": 133,
        "self_ms": 2.0553027819548872
      }
    },
    "uninstrumented_frame_ms": {
      "avg": 0.011224714285714286,
      "max": 0.013251,
      "p50": 0.01129,
      "p95": 0.012351,
      "p99": 0.01294424
    },
    "window_capacity_limited": false,
    "window_coverage_s": 5.000039125,
    "window_throughput_fps": 26.599791856628723
  },
  "profile_path": "/Users/liyang/Developer/star-main/results/phase5-vision-c2-attribution/chibi-144k-scale-10000/20260906-194311/100pct-moving/profile.json",
  "start": {
    "accepted_moving_units": 10000,
    "achieved_density": 1.0,
    "batch_id": 1,
    "duration_seconds": 20.0,
    "execution_density": 1.0,
    "gc_policy": {
      "activation_serial": 1,
      "active": true,
      "automatic_gc_enabled": false,
      "deadline_remaining_seconds": 19.999999,
      "full_collect_collected": 0,
      "full_collect_ms": 35.296166,
      "gc_count": [
        1,
        0,
        0
      ],
      "last_restore_reason": "",
      "mode": "realtime_defer",
      "original_automatic_gc_enabled": true
    },
    "motion_phase": "staggered",
    "normal_move_resources_and_stats": false,
    "ok": true,
    "pathfinding_during_execution": false,
    "phase": "started",
    "phase_progress_p50": 0.5006,
    "phase_progress_p95": 0.951,
    "phase_seed": 42,
    "production_animation_and_commits": true,
    "rejected_units": 0,
    "rejection_reasons": {},
    "requested_moving_units": 10000,
    "resident_units": 10000
  },
  "status": {
    "active_moving_units": 10000,
    "actual_density": 1.0,
    "configured_moving_units": 10000,
    "execution_density": 1.0,
    "gc_policy": {
      "activation_serial": 1,
      "active": true,
      "automatic_gc_enabled": false,
      "deadline_remaining_seconds": 12.926511,
      "full_collect_collected": 0,
      "full_collect_ms": 35.296166,
      "gc_count": [
        30557,
        0,
        0
      ],
      "last_restore_reason": "",
      "mode": "realtime_defer",
      "original_automatic_gc_enabled": true
    },
    "living_units": 10000,
    "motion_phase": "staggered",
    "ok": true,
    "prepared": {
      "batch_id": 1,
      "failed_units": 0,
      "failure_reasons": {},
      "living_units": 10000,
      "preparation_success_ratio": 1.0,
      "prepared_units": 10000,
      "requested_units": 10000,
      "route_steps": 12,
      "seed": 42
    },
    "socket": "/tmp/star-phase5-c2-48368-100pct-moving.sock"
  },
  "workload": {
    "duration_seconds": 20.0,
    "execution_density": 1.0,
    "gc_policy": "realtime_defer",
    "phase": "staggered",
    "phase_seed": 42,
    "route_steps": 12,
    "sample_after_seconds": 7.0,
    "seed": 42,
    "warmup_seconds": 5.0
  }
}
