{
  "guards": {
    "active_matches_start": true,
    "controlled_work_present": true,
    "density_matches": true,
    "fog_fixed_on": true,
    "gc_automatic_disabled_during_defer": true,
    "gc_defer_active_during_window": true,
    "gc_policy_metadata_matches": true,
    "gc_policy_profile_matches": true,
    "gc_policy_start_matches": true,
    "input_policy_fixed": true,
    "no_key_input": true,
    "no_mouse_button_input": true,
    "no_mouse_wheel_input": true,
    "no_pathfinding_during_execution": true,
    "position_commits_present": true,
    "production_animation_path": true,
    "profile_configured_movers_match": true,
    "profile_density_matches": true,
    "profile_phase_matches": true,
    "resident_matches_prepare": true,
    "rolling_window_full": true,
    "vision_dirty_present": true,
    "window_not_capacity_limited": true,
    "zero_density_no_position_commits": true,
    "zero_density_no_vision_dirty": true
  },
  "ok": true,
  "prepare": {
    "batch_id": 1,
    "failed_units": 0,
    "failure_reasons": {},
    "living_units": 10000,
    "ok": true,
    "phase": "prepared",
    "preparation_success_ratio": 1.0,
    "prepared_units": 10000,
    "requested_units": 10000,
    "route_steps": 12,
    "seed": 42
  },
  "profile": {
    "controlled_work_frame_ms": {
      "avg": 30.23913141401274,
      "max": 37.435249,
      "p50": 29.570833,
      "p95": 34.759093199999995,
      "p99": 36.58139496
    },
    "frame_body_fps": 31.39439426091292,
    "frame_metrics": {
      "effect_position_index_changes": {
        "avg": 319.35668789808915,
        "kind": "numeric",
        "last": 322,
        "max": 444.0,
        "min": 252.0,
        "missing_samples": 0,
        "observed_samples": 157,
        "p50": 316.0,
        "p95": 365.0,
        "p99": 403.19999999999993
      },
      "fog_enabled": {
        "avg": 1.0,
        "kind": "numeric",
        "last": 1,
        "max": 1.0,
        "min": 1.0,
        "missing_samples": 0,
        "observed_samples": 157,
        "p50": 1.0,
        "p95": 1.0,
        "p99": 1.0
      },
      "input_key_down": {
        "avg": 0.0,
        "kind": "numeric",
        "last": 0,
        "max": 0.0,
        "min": 0.0,
        "missing_samples": 0,
        "observed_samples": 157,
        "p50": 0.0,
        "p95": 0.0,
        "p99": 0.0
      },
      "input_mouse_button": {
        "avg": 0.0,
        "kind": "numeric",
        "last": 0,
        "max": 0.0,
        "min": 0.0,
        "missing_samples": 0,
        "observed_samples": 157,
        "p50": 0.0,
        "p95": 0.0,
        "p99": 0.0
      },
      "input_mouse_wheel": {
        "avg": 0.0,
        "kind": "numeric",
        "last": 0,
        "max": 0.0,
        "min": 0.0,
        "missing_samples": 0,
        "observed_samples": 157,
        "p50": 0.0,
        "p95": 0.0,
        "p99": 0.0
      },
      "scale_configured_moving_units": {
        "avg": 5000.0,
        "kind": "numeric",
        "last": 5000,
        "max": 5000.0,
        "min": 5000.0,
        "missing_samples": 0,
        "observed_samples": 157,
        "p50": 5000.0,
        "p95": 5000.0,
        "p99": 5000.0
      },
      "scale_execution_density": {
        "avg": 0.5,
        "kind": "numeric",
        "last": 0.5,
        "max": 0.5,
        "min": 0.5,
        "missing_samples": 0,
        "observed_samples": 157,
        "p50": 0.5,
        "p95": 0.5,
        "p99": 0.5
      },
      "scale_gc_automatic_enabled": {
        "avg": 0.0,
        "kind": "numeric",
        "last": 0,
        "max": 0.0,
        "min": 0.0,
        "missing_samples": 0,
        "observed_samples": 157,
        "p50": 0.0,
        "p95": 0.0,
        "p99": 0.0
      },
      "scale_gc_defer_active": {
        "avg": 1.0,
        "kind": "numeric",
        "last": 1,
        "max": 1.0,
        "min": 1.0,
        "missing_samples": 0,
        "observed_samples": 157,
        "p50": 1.0,
        "p95": 1.0,
        "p99": 1.0
      },
      "scale_gc_policy": {
        "kind": "categorical",
        "last": "realtime_defer",
        "missing_samples": 0,
        "observed_samples": 157,
        "values": [
          "realtime_defer"
        ]
      },
      "scale_motion_phase": {
        "kind": "categorical",
        "last": "staggered",
        "missing_samples": 0,
        "observed_samples": 157,
        "values": [
          "staggered"
        ]
      },
      "vision_dirty_units": {
        "avg": 319.4012738853503,
        "kind": "numeric",
        "last": 343,
        "max": 444.0,
        "min": 252.0,
        "missing_samples": 0,
        "observed_samples": 157,
        "p50": 316.0,
        "p95": 365.0,
        "p99": 403.19999999999993
      },
      "vision_fog_delta_tiles": {
        "avg": 42.62420382165605,
        "kind": "numeric",
        "last": 46,
        "max": 95.0,
        "min": 5.0,
        "missing_samples": 0,
        "observed_samples": 157,
        "p50": 42.0,
        "p95": 65.19999999999999,
        "p99": 79.71999999999997
      },
      "vision_units_scanned": {
        "avg": 319.4012738853503,
        "kind": "numeric",
        "last": 343,
        "max": 444.0,
        "min": 252.0,
        "missing_samples": 0,
        "observed_samples": 157,
        "p50": 316.0,
        "p95": 365.0,
        "p99": 403.19999999999993
      }
    },
    "frame_ms": {
      "avg": 31.85282033757962,
      "max": 45.501083,
      "p95": 36.746042200000005,
      "p99": 38.954525
    },
    "metadata": {
      "benchmark_uncapped": true,
      "clock_mode": "uncapped_wall_clock",
      "display": "window",
      "fps_cap": "uncapped",
      "headless": false,
      "initial_units": 10000,
      "map_id": "chibi 144k-scale-10000",
      "map_size": "120x120",
      "map_tiles": 14400,
      "minimap_unit_layer_enabled": false,
      "minimap_unit_layer_override": "off",
      "minimap_unit_refresh_hz": 15.0,
      "mock_ai": false,
      "mode": "real_time",
      "players": "shu:ai,wei:human,wu:ai",
      "scale_accepted_moving_units": 5000,
      "scale_achieved_density": 0.5,
      "scale_duration_seconds": 20.0,
      "scale_execution_density": 0.5,
      "scale_execution_mode": "sustained_production_animation",
      "scale_gc_full_collect_collected": 0,
      "scale_gc_full_collect_ms": 35.14775,
      "scale_gc_policy": "realtime_defer",
      "scale_harness": true,
      "scale_harness_socket": "/tmp/star-10k-22195-50pct-moving.sock",
      "scale_harness_version": "production-v2",
      "scale_input_policy": "blocked_gameplay_events",
      "scale_motion_phase": "staggered",
      "scale_phase_seed": 42,
      "scale_prepared_units": 10000,
      "scale_resident_units": 10000,
      "scale_route_seed": 42,
      "scale_route_steps": 12,
      "scenario": "chibi-144k-scale-10000",
      "text_input": false,
      "window": "2480x1265"
    },
    "platform_input_frame_ms": {
      "avg": 0.044244337579617835,
      "max": 0.096042,
      "p50": 0.039875,
      "p95": 0.0683922,
      "p99": 0.08396144
    },
    "present_frame_ms": {
      "avg": 1.5462685859872611,
      "max": 12.937167,
      "p50": 1.450958,
      "p95": 1.6373421999999997,
      "p99": 2.2041135599999984
    },
    "sample_count": 157,
    "sections": {
      "AnimationSystem": {
        "category": "work",
        "frame_share_pct": 20.50177589159928,
        "inclusive_ms": 6.530393840764331,
        "max_inclusive_ms": 9.142708,
        "max_self_ms": 9.142708,
        "p95_inclusive_ms": 7.537708599999999,
        "p95_self_ms": 7.537708599999999,
        "p99_inclusive_ms": 8.590693039999998,
        "p99_self_ms": 8.590693039999998,
        "samples": 157,
        "self_ms": 6.530393840764331
      },
      "MiniMapSystem": {
        "category": "work",
        "frame_share_pct": 0.16140531969208324,
        "inclusive_ms": 0.05141214649681529,
        "max_inclusive_ms": 0.076375,
        "max_self_ms": 0.076375,
        "p95_inclusive_ms": 0.0578834,
        "p95_self_ms": 0.0578834,
        "p99_inclusive_ms": 0.06366952,
        "p99_self_ms": 0.06366952,
        "samples": 157,
        "self_ms": 0.05141214649681529
      },
      "UnitRenderSystem": {
        "category": "work",
        "frame_share_pct": 22.91751618039535,
        "inclusive_ms": 9.416347656050956,
        "max_inclusive_ms": 12.667625,
        "max_self_ms": 10.376791,
        "p95_inclusive_ms": 10.870591799999998,
        "p95_self_ms": 8.506125200000001,
        "p99_inclusive_ms": 12.03514496,
        "p99_self_ms": 9.31742844,
        "samples": 157,
        "self_ms": 7.29987525477707
      },
      "VisionSystem": {
        "category": "work",
        "frame_share_pct": 8.26492852593331,
        "inclusive_ms": 2.719233579617834,
        "max_inclusive_ms": 7.869875,
        "max_self_ms": 3.885417,
        "p95_inclusive_ms": 3.1880835999999997,
        "p95_self_ms": 3.1289416,
        "p99_inclusive_ms": 6.997417039999999,
        "p99_self_ms": 3.6024784799999994,
        "samples": 157,
        "self_ms": 2.6326128343949047
      },
      "render_engine": {
        "category": "render",
        "frame_share_pct": 0.32776721434508055,
        "inclusive_ms": 3.78366796178344,
        "max_inclusive_ms": 4.370416,
        "max_self_ms": 0.141623,
        "p95_inclusive_ms": 4.0896495999999996,
        "p95_self_ms": 0.11816619999999997,
        "p99_inclusive_ms": 4.15345652,
        "p99_self_ms": 0.13711008,
        "samples": 157,
        "self_ms": 0.10440310191082801
      },
      "render_scalar_execute": {
        "category": "render",
        "frame_share_pct": 6.669998334435401,
        "inclusive_ms": 2.124582585987261,
        "max_inclusive_ms": 2.369374,
        "max_self_ms": 2.369374,
        "p95_inclusive_ms": 2.2300502,
        "p95_self_ms": 2.2300502,
        "p99_inclusive_ms": 2.32577244,
        "p99_self_ms": 2.32577244,
        "samples": 157,
        "self_ms": 2.124582585987261
      }
    },
    "uninstrumented_frame_ms": {
      "avg": 0.01297644585987261,
      "max": 0.024251,
      "p50": 0.012665,
      "p95": 0.0162666,
      "p99": 0.01857292
    },
    "window_capacity_limited": false,
    "window_coverage_s": 5.0162445,
    "window_throughput_fps": 31.2983149047061
  },
  "profile_path": "/Users/liyang/Developer/star-main/results/phase5-10k-core/chibi-144k-scale-10000/20260906-030632/50pct-moving/profile.json",
  "start": {
    "accepted_moving_units": 5000,
    "achieved_density": 0.5,
    "batch_id": 1,
    "duration_seconds": 20.0,
    "execution_density": 0.5,
    "gc_policy": {
      "activation_serial": 1,
      "active": true,
      "automatic_gc_enabled": false,
      "deadline_remaining_seconds": 19.999999,
      "full_collect_collected": 0,
      "full_collect_ms": 35.14775,
      "gc_count": [
        1,
        0,
        0
      ],
      "last_restore_reason": "",
      "mode": "realtime_defer",
      "original_automatic_gc_enabled": true
    },
    "motion_phase": "staggered",
    "normal_move_resources_and_stats": false,
    "ok": true,
    "pathfinding_during_execution": false,
    "phase": "started",
    "phase_progress_p50": 0.504,
    "phase_progress_p95": 0.9503,
    "phase_seed": 42,
    "production_animation_and_commits": true,
    "rejected_units": 0,
    "rejection_reasons": {},
    "requested_moving_units": 5000,
    "resident_units": 10000
  },
  "status": {
    "active_moving_units": 5000,
    "actual_density": 0.5,
    "configured_moving_units": 5000,
    "execution_density": 0.5,
    "gc_policy": {
      "activation_serial": 1,
      "active": true,
      "automatic_gc_enabled": false,
      "deadline_remaining_seconds": 12.937459,
      "full_collect_collected": 0,
      "full_collect_ms": 35.14775,
      "gc_count": [
        25380,
        0,
        0
      ],
      "last_restore_reason": "",
      "mode": "realtime_defer",
      "original_automatic_gc_enabled": true
    },
    "living_units": 10000,
    "motion_phase": "staggered",
    "ok": true,
    "prepared": {
      "batch_id": 1,
      "failed_units": 0,
      "failure_reasons": {},
      "living_units": 10000,
      "preparation_success_ratio": 1.0,
      "prepared_units": 10000,
      "requested_units": 10000,
      "route_steps": 12,
      "seed": 42
    },
    "socket": "/tmp/star-10k-22195-50pct-moving.sock"
  },
  "workload": {
    "duration_seconds": 20.0,
    "execution_density": 0.5,
    "gc_policy": "realtime_defer",
    "phase": "staggered",
    "phase_seed": 42,
    "route_steps": 12,
    "sample_after_seconds": 7.0,
    "seed": 42,
    "warmup_seconds": 5.0
  }
}
